<html>
<body>
<pre>
<h1>µVision Build Log</h1>
<h2>Tool Versions:</h2>
IDE-Version: µVision V5.29.0.0
Copyright (C) 2019 ARM Ltd and ARM Germany GmbH. All rights reserved.
License Information: D g, g, LIC=JL28G-VENBR-TGH7T-R3WWD-Q86HF-1NFI4
 
Tool Versions:
Toolchain:       MDK-ARM Plus  Version: 5.29.0.0
Toolchain Path:  C:\Keil_v5\ARM\ARMCC\Bin
C Compiler:      Armcc.exe V5.06 update 6 (build 750)
Assembler:       Armasm.exe V5.06 update 6 (build 750)
Linker/Locator:  ArmLink.exe V5.06 update 6 (build 750)
Library Manager: ArmAr.exe V5.06 update 6 (build 750)
Hex Converter:   FromElf.exe V5.06 update 6 (build 750)
CPU DLL:         SARMCM3.DLL V5.29.0.0
Dialog DLL:      DARMCM1.DLL V1.19.2.0
Target DLL:      STLink\ST-LINKIII-KEIL_SWO.dll V3.0.7.0
Dialog DLL:      TARMCM1.DLL V1.14.1.0
 
<h2>Project:</h2>
C:\Users\Thinkpad  E15\Desktop\AirQualitySystem_GraduateThesis\Node\MDK-ARM\MGW_Node_V1.3_Lite.uvprojx
Project File Date:  07/20/2022

<h2>Output:</h2>
*** Using Compiler 'V5.06 update 6 (build 750)', folder: 'C:\Keil_v5\ARM\ARMCC\Bin'
Rebuild target 'MGW_Node_V1.3_Lite'
assembling startup_stm32l072xx.s...
compiling stm32l0xx_hal_uart_ex.c...
compiling rtc.c...
compiling stm32l0xx_it.c...
compiling gpio.c...
compiling main.c...
compiling stm32l0xx_hal_timebase_tim.c...
compiling rng.c...
compiling spi.c...
compiling usart.c...
compiling stm32l0xx_hal_msp.c...
compiling stm32l0xx_hal_uart.c...
compiling stm32l0xx_hal.c...
compiling stm32l0xx_hal_dma.c...
compiling stm32l0xx_hal_pwr.c...
compiling stm32l0xx_hal_flash.c...
compiling stm32l0xx_hal_flash_ex.c...
compiling stm32l0xx_hal_i2c_ex.c...
compiling stm32l0xx_hal_gpio.c...
compiling stm32l0xx_hal_flash_ramfunc.c...
compiling stm32l0xx_hal_rcc_ex.c...
compiling stm32l0xx_hal_i2c.c...
compiling stm32l0xx_hal_rcc.c...
compiling stm32l0xx_hal_pwr_ex.c...
compiling stm32l0xx_hal_cortex.c...
compiling stm32l0xx_hal_rtc.c...
compiling stm32l0xx_hal_rng.c...
compiling stm32l0xx_hal_rtc_ex.c...
compiling stm32l0xx_hal_tim_ex.c...
compiling stm32l0xx_hal_spi.c...
compiling Uart_Debug.c...
compiling system_stm32l0xx.c...
compiling app.c...
compiling stm32l0xx_hal_adc.c...
compiling stm32l0xx_hal_tim.c...
compiling sx127x.c...
..\User_Code\Drivers\Devices\Sx127x\sx127x.c(518): warning:  #177-D: function "Sx127x_GetPaSelect"  was declared but never referenced
  static uint8_t Sx127x_GetPaSelect(int8_t power)
..\User_Code\Drivers\Devices\Sx127x\sx127x.c: 1 warning, 0 errors
compiling LoRa_Services.c...
..\User_Code\Services\LoRa\LoRa_Services.c(222): warning:  #177-D: variable "ret"  was declared but never referenced
  	Std_ReturnType ret = STD_NOT_OK;
..\User_Code\Services\LoRa\LoRa_Services.c(248): warning:  #61-D: integer operation result is out of range
  	if(macMsgData.FHDR.DevAddr != DEV_ADDR)
..\User_Code\Services\LoRa\LoRa_Services.c(233): warning:  #177-D: variable "pktHeaderLen"  was declared but never referenced
  	uint8_t pktHeaderLen = 0;
..\User_Code\Services\LoRa\LoRa_Services.c(96): warning:  #177-D: function "hal_sleep"  was declared but never referenced
  static void hal_sleep(void);
..\User_Code\Services\LoRa\LoRa_Services.c(188): warning:  #177-D: function "LoRaNodeSV_SendData_CSMA"  was declared but never referenced
  static Std_ReturnType LoRaNodeSV_SendData_CSMA(Sx127x_t *sx127x, const uint8_t* data, uint16_t len, uint16_t backoff_time, uint16_t tx_timeout, uint16_t cad_timeout)
..\User_Code\Services\LoRa\LoRa_Services.c(220): warning:  #177-D: function "LoRaSV_SendACK"  was declared but never referenced
  static Std_ReturnType LoRaSV_SendACK(void)
..\User_Code\Services\LoRa\LoRa_Services.c(342): warning:  #177-D: function "Enter_SleepMode"  was declared but never referenced
  static void Enter_SleepMode(void)
..\User_Code\Services\LoRa\LoRa_Services.c(354): warning:  #177-D: function "enter_Standby"  was declared but never referenced
  static void enter_Standby( void )
..\User_Code\Services\LoRa\LoRa_Services.c: 8 warnings, 0 errors
compiling sx127x_cfg.c...
..\User_Code\Drivers\Devices\Sx127x\cfg\sx127x_cfg.c(8): warning:  #144-D: a value of type "void *" cannot be used to initialize an entity of type "SPI_Write_Read"
  	(void *) HAL_SPI_TransmitReceive,
..\User_Code\Drivers\Devices\Sx127x\cfg\sx127x_cfg.c: 1 warning, 0 errors
compiling sensor.c...
..\User_Code\Sensor\sensor.c(26): warning:  #188-D: enumerated type mixed with another type
  		HAL_GPIO_WritePin(GPIOC, GPIO_PIN_1, 0); 
..\User_Code\Sensor\sensor.c(34): warning:  #188-D: enumerated type mixed with another type
  		HAL_GPIO_WritePin(GPIOC, GPIO_PIN_1, 1); 
..\User_Code\Sensor\sensor.c: 2 warnings, 0 errors
compiling LoRaMac_Node_Cfg.c...
..\User_Code\Services\LoRaMAC\cfg\LoRaMac_Node_Cfg.c(8): warning:  #61-D: integer operation result is out of range
  		DEV_ADDR, \
..\User_Code\Services\LoRaMAC\cfg\LoRaMac_Node_Cfg.c: 1 warning, 0 errors
compiling adc.c...
..\User_Code\Sensor\adc.c(32): warning:  #177-D: variable "sConfig"  was declared but never referenced
    ADC_ChannelConfTypeDef sConfig = {0};
..\User_Code\Sensor\adc.c: 1 warning, 0 errors
compiling tim.c...
compiling LoRaMac_Node.c...
..\User_Code\Services\LoRaMAC\LoRaMac_Node.c(120): warning:  #61-D: integer operation result is out of range
    data_msg->FHDR.DevAddr = DEV_ADDR;
..\User_Code\Services\LoRaMAC\LoRaMac_Node.c(154): warning:  #61-D: integer operation result is out of range
    ack_msg->FHDR.DevAddr = DEV_ADDR;
..\User_Code\Services\LoRaMAC\LoRaMac_Node.c(169): warning:  #1-D: last line of file ends without a newline
  }
..\User_Code\Services\LoRaMAC\LoRaMac_Node.c: 3 warnings, 0 errors
linking...
Program Size: Code=24914 RO-data=274 RW-data=696 ZI-data=1760  
FromELF: creating hex file...
"MGW_Node_V1.3_Lite\MGW_Node_V1.3_Lite" - 0 Error(s), 17 Warning(s).

<h2>Software Packages used:</h2>

Package Vendor: ARM
                http://www.keil.com/pack/ARM.CMSIS.5.9.0.pack
                ARM.CMSIS.5.9.0
                CMSIS (Common Microcontroller Software Interface Standard)
   * Component: CORE Version: 5.6.0

Package Vendor: Keil
                http://www.keil.com/pack/Keil.STM32L0xx_DFP.2.2.0.pack
                Keil.STM32L0xx_DFP.2.2.0
                STMicroelectronics STM32L0 Series Device Support, Drivers and Examples

<h2>Collection of Component include folders:</h2>
  .\RTE\_MGW_Node_V1.3_Lite
  C:\Users\Thinkpad  E15\AppData\Local\Arm\Packs\ARM\CMSIS\5.9.0\CMSIS\Core\Include
  C:\Users\Thinkpad  E15\AppData\Local\Arm\Packs\Keil\STM32L0xx_DFP\2.2.0\Drivers\CMSIS\Device\ST\STM32L0xx\Include

<h2>Collection of Component Files used:</h2>

   * Component: ARM::CMSIS:CORE:5.6.0
Build Time Elapsed:  00:00:11
</pre>
</body>
</html>
