Component: ARM Compiler 5.06 update 6 (build 750) Tool: armlink [4d35ed]

==============================================================================

Section Cross References

    startup_stm32l072xx.o(RESET) refers to startup_stm32l072xx.o(STACK) for __initial_sp
    startup_stm32l072xx.o(RESET) refers to startup_stm32l072xx.o(.text) for Reset_Handler
    startup_stm32l072xx.o(RESET) refers to stm32l0xx_it.o(i.NMI_Handler) for NMI_Handler
    startup_stm32l072xx.o(RESET) refers to stm32l0xx_it.o(i.HardFault_Handler) for HardFault_Handler
    startup_stm32l072xx.o(RESET) refers to stm32l0xx_it.o(i.SVC_Handler) for SVC_Handler
    startup_stm32l072xx.o(RESET) refers to stm32l0xx_it.o(i.PendSV_Handler) for PendSV_Handler
    startup_stm32l072xx.o(RESET) refers to stm32l0xx_it.o(i.RTC_IRQHandler) for RTC_IRQHandler
    startup_stm32l072xx.o(RESET) refers to stm32l0xx_it.o(i.EXTI0_1_IRQHandler) for EXTI0_1_IRQHandler
    startup_stm32l072xx.o(RESET) refers to stm32l0xx_it.o(i.EXTI4_15_IRQHandler) for EXTI4_15_IRQHandler
    startup_stm32l072xx.o(RESET) refers to stm32l0xx_it.o(i.TIM6_DAC_IRQHandler) for TIM6_DAC_IRQHandler
    startup_stm32l072xx.o(RESET) refers to stm32l0xx_it.o(i.USART1_IRQHandler) for USART1_IRQHandler
    startup_stm32l072xx.o(RESET) refers to stm32l0xx_it.o(i.RNG_LPUART1_IRQHandler) for RNG_LPUART1_IRQHandler
    startup_stm32l072xx.o(.text) refers to system_stm32l0xx.o(i.SystemInit) for SystemInit
    startup_stm32l072xx.o(.text) refers to entry.o(.ARM.Collect$$$$00000000) for __main
    main.o(i.HAL_TIM_PeriodElapsedCallback) refers to stm32l0xx_hal.o(i.HAL_IncTick) for HAL_IncTick
    main.o(i.SystemClock_Config) refers to memseta.o(.text) for __aeabi_memclr4
    main.o(i.SystemClock_Config) refers to stm32l0xx_hal_rcc.o(i.HAL_RCC_OscConfig) for HAL_RCC_OscConfig
    main.o(i.SystemClock_Config) refers to stm32l0xx_hal_rcc.o(i.HAL_RCC_ClockConfig) for HAL_RCC_ClockConfig
    main.o(i.SystemClock_Config) refers to stm32l0xx_hal_rcc_ex.o(i.HAL_RCCEx_PeriphCLKConfig) for HAL_RCCEx_PeriphCLKConfig
    main.o(i.main) refers to stm32l0xx_hal.o(i.HAL_Init) for HAL_Init
    main.o(i.main) refers to main.o(i.SystemClock_Config) for SystemClock_Config
    main.o(i.main) refers to gpio.o(i.MX_GPIO_Init) for MX_GPIO_Init
    main.o(i.main) refers to rng.o(i.MX_RNG_Init) for MX_RNG_Init
    main.o(i.main) refers to spi.o(i.MX_SPI2_Init) for MX_SPI2_Init
    main.o(i.main) refers to usart.o(i.MX_USART1_UART_Init) for MX_USART1_UART_Init
    main.o(i.main) refers to rtc.o(i.MX_RTC_Init) for MX_RTC_Init
    main.o(i.main) refers to adc.o(i.MX_ADC_Init) for MX_ADC_Init
    main.o(i.main) refers to tim.o(i.MX_TIM7_Init) for MX_TIM7_Init
    main.o(i.main) refers to stm32l0xx_hal_tim.o(i.HAL_TIM_Base_Start) for HAL_TIM_Base_Start
    main.o(i.main) refers to sensor.o(i.gp2y_adc_measure) for gp2y_adc_measure
    main.o(i.main) refers to sensor.o(i.mq135_adc_measure) for mq135_adc_measure
    main.o(i.main) refers to fflti.o(.text) for __aeabi_i2f
    main.o(i.main) refers to fmul.o(.text) for __aeabi_fmul
    main.o(i.main) refers to fscalb.o(.text) for __ARM_scalbnf
    main.o(i.main) refers to f2d.o(.text) for __aeabi_f2d
    main.o(i.main) refers to dmul.o(.text) for __aeabi_dmul
    main.o(i.main) refers to dadd.o(.text) for __aeabi_dsub
    main.o(i.main) refers to d2f.o(.text) for __aeabi_d2f
    main.o(i.main) refers to fadd.o(.text) for __aeabi_fsub
    main.o(i.main) refers to fdiv.o(.text) for __aeabi_fdiv
    main.o(i.main) refers to stm32l0xx_hal_pwr.o(i.HAL_PWR_DisableWakeUpPin) for HAL_PWR_DisableWakeUpPin
    main.o(i.main) refers to stm32l0xx_hal_rtc_ex.o(i.HAL_RTCEx_DeactivateWakeUpTimer) for HAL_RTCEx_DeactivateWakeUpTimer
    main.o(i.main) refers to printfa.o(i.__0printf) for __2printf
    main.o(i.main) refers to stm32l0xx_hal_pwr.o(i.HAL_PWR_EnableWakeUpPin) for HAL_PWR_EnableWakeUpPin
    main.o(i.main) refers to stm32l0xx_hal_rtc_ex.o(i.HAL_RTCEx_SetWakeUpTimer_IT) for HAL_RTCEx_SetWakeUpTimer_IT
    main.o(i.main) refers to app.o(i.App_Main) for App_Main
    main.o(i.main) refers to tim.o(.bss) for htim7
    main.o(i.main) refers to main.o(.data) for .data
    main.o(i.main) refers to rtc.o(.bss) for hrtc
    gpio.o(i.MX_GPIO_Init) refers to memseta.o(.text) for __aeabi_memclr4
    gpio.o(i.MX_GPIO_Init) refers to stm32l0xx_hal_gpio.o(i.HAL_GPIO_WritePin) for HAL_GPIO_WritePin
    gpio.o(i.MX_GPIO_Init) refers to stm32l0xx_hal_gpio.o(i.HAL_GPIO_Init) for HAL_GPIO_Init
    gpio.o(i.MX_GPIO_Init) refers to stm32l0xx_hal_cortex.o(i.HAL_NVIC_SetPriority) for HAL_NVIC_SetPriority
    gpio.o(i.MX_GPIO_Init) refers to stm32l0xx_hal_cortex.o(i.HAL_NVIC_EnableIRQ) for HAL_NVIC_EnableIRQ
    usart.o(i.HAL_UART_MspDeInit) refers to stm32l0xx_hal_gpio.o(i.HAL_GPIO_DeInit) for HAL_GPIO_DeInit
    usart.o(i.HAL_UART_MspDeInit) refers to stm32l0xx_hal_cortex.o(i.HAL_NVIC_DisableIRQ) for HAL_NVIC_DisableIRQ
    usart.o(i.HAL_UART_MspInit) refers to memseta.o(.text) for __aeabi_memclr4
[...]
    ..\User_Code\Sensor\adc.c                0x00000000   Number         0  adc.o ABSOLUTE
    ..\User_Code\Sensor\sensor.c             0x00000000   Number         0  sensor.o ABSOLUTE
    ..\User_Code\Sensor\tim.c                0x00000000   Number         0  tim.o ABSOLUTE
    ..\User_Code\Services\LoRaMAC\LoRaMac_Node.c 0x00000000   Number         0  loramac_node.o ABSOLUTE
    ..\User_Code\Services\LoRaMAC\cfg\LoRaMac_Node_Cfg.c 0x00000000   Number         0  loramac_node_cfg.o ABSOLUTE
    ..\User_Code\Services\LoRa\LoRa_Services.c 0x00000000   Number         0  lora_services.o ABSOLUTE
    ..\User_Code\Utilities\Uart_Debug\Uart_Debug.c 0x00000000   Number         0  uart_debug.o ABSOLUTE
    ..\\Drivers\\STM32L0xx_HAL_Driver\\Src\\stm32l0xx_hal_adc.c 0x00000000   Number         0  stm32l0xx_hal_adc.o ABSOLUTE
    ..\\Drivers\\STM32L0xx_HAL_Driver\\Src\\stm32l0xx_hal_rtc.c 0x00000000   Number         0  stm32l0xx_hal_rtc.o ABSOLUTE
    ..\\Drivers\\STM32L0xx_HAL_Driver\\Src\\stm32l0xx_hal_rtc_ex.c 0x00000000   Number         0  stm32l0xx_hal_rtc_ex.o ABSOLUTE
    ..\\Src\\rtc.c                           0x00000000   Number         0  rtc.o ABSOLUTE
    ..\\User_Code\\Apps\\app.c               0x00000000   Number         0  app.o ABSOLUTE
    ..\\User_Code\\Drivers\\Devices\\Sx127x\\cfg\\sx127x_cfg.c 0x00000000   Number         0  sx127x_cfg.o ABSOLUTE
    ..\\User_Code\\Drivers\\Devices\\Sx127x\\sx127x.c 0x00000000   Number         0  sx127x.o ABSOLUTE
    ..\\User_Code\\Sensor\\adc.c             0x00000000   Number         0  adc.o ABSOLUTE
    ..\\User_Code\\Sensor\\sensor.c          0x00000000   Number         0  sensor.o ABSOLUTE
    ..\\User_Code\\Sensor\\tim.c             0x00000000   Number         0  tim.o ABSOLUTE
    ..\\User_Code\\Services\\LoRaMAC\\LoRaMac_Node.c 0x00000000   Number         0  loramac_node.o ABSOLUTE
    ..\\User_Code\\Services\\LoRaMAC\\cfg\\LoRaMac_Node_Cfg.c 0x00000000   Number         0  loramac_node_cfg.o ABSOLUTE
    ..\\User_Code\\Services\\LoRa\\LoRa_Services.c 0x00000000   Number         0  lora_services.o ABSOLUTE
    ..\\User_Code\\Utilities\\Uart_Debug\\Uart_Debug.c 0x00000000   Number         0  uart_debug.o ABSOLUTE
    cdrcmple.s                               0x00000000   Number         0  cdrcmple.o ABSOLUTE
    dc.s                                     0x00000000   Number         0  dc.o ABSOLUTE
    handlers.s                               0x00000000   Number         0  handlers.o ABSOLUTE
    init.s                                   0x00000000   Number         0  init.o ABSOLUTE
    startup_stm32l072xx.s                    0x00000000   Number         0  startup_stm32l072xx.o ABSOLUTE
    RESET                                    0x08000000   Section      192  startup_stm32l072xx.o(RESET)
    .ARM.Collect$$$$00000000                 0x080000c0   Section        0  entry.o(.ARM.Collect$$$$00000000)
    .ARM.Collect$$$$00000001                 0x080000c0   Section        4  entry2.o(.ARM.Collect$$$$00000001)
    .ARM.Collect$$$$00000004                 0x080000c4   Section        4  entry5.o(.ARM.Collect$$$$00000004)
    .ARM.Collect$$$$00000008                 0x080000c8   Section        0  entry7b.o(.ARM.Collect$$$$00000008)
    .ARM.Collect$$$$0000000A                 0x080000c8   Section        0  entry8b.o(.ARM.Collect$$$$0000000A)
    .ARM.Collect$$$$0000000B                 0x080000c8   Section        8  entry9a.o(.ARM.Collect$$$$0000000B)
    .ARM.Collect$$$$0000000D                 0x080000d0   Section        0  entry10a.o(.ARM.Collect$$$$0000000D)
    .ARM.Collect$$$$0000000F                 0x080000d0   Section        0  entry11a.o(.ARM.Collect$$$$0000000F)
    .ARM.Collect$$$$00002712                 0x080000d0   Section        4  entry2.o(.ARM.Collect$$$$00002712)
    __lit__00000000                          0x080000d0   Data           4  entry2.o(.ARM.Collect$$$$00002712)
    .text                                    0x080000d4   Section       28  startup_stm32l072xx.o(.text)
    .text                                    0x080000f0   Section        0  uidiv.o(.text)
    .text                                    0x0800011c   Section        0  idiv.o(.text)
    .text                                    0x08000144   Section        0  uldiv.o(.text)
    .text                                    0x080001a4   Section        0  memcpya.o(.text)
    .text                                    0x080001c8   Section        0  memseta.o(.text)
    .text                                    0x080001ec   Section        0  fadd.o(.text)
    .text                                    0x0800029e   Section        0  fmul.o(.text)
    .text                                    0x08000318   Section        0  fdiv.o(.text)
    .text                                    0x08000394   Section        0  fscalb.o(.text)
    .text                                    0x080003ac   Section        0  dadd.o(.text)
    .text                                    0x08000510   Section        0  dmul.o(.text)
    .text                                    0x080005e0   Section        0  ddiv.o(.text)
    .text                                    0x080006d0   Section        0  fflti.o(.text)
    .text                                    0x080006e8   Section        0  dfixui.o(.text)
    .text                                    0x08000724   Section        0  f2d.o(.text)
    .text                                    0x0800074c   Section        0  d2f.o(.text)
    .text                                    0x08000784   Section        0  llshl.o(.text)
    .text                                    0x080007a4   Section        0  llushr.o(.text)
    .text                                    0x080007c6   Section        0  llsshr.o(.text)
    .text                                    0x080007ec   Section        0  fepilogue.o(.text)
    .text                                    0x080007ec   Section        0  iusefp.o(.text)
    .text                                    0x0800086e   Section        0  depilogue.o(.text)
    .text                                    0x0800092c   Section        0  dfixul.o(.text)
    .text                                    0x0800096c   Section       40  cdrcmple.o(.text)
    .text                                    0x08000994   Section       36  init.o(.text)
    .text                                    0x080009b8   Section        0  __dczerorl2.o(.text)
    i.ADC_ConversionStop                     0x08000a10   Section        0  stm32l0xx_hal_adc.o(i.ADC_ConversionStop)
    ADC_ConversionStop                       0x08000a11   Thumb Code    98  stm32l0xx_hal_adc.o(i.ADC_ConversionStop)
    i.ADC_DelayMicroSecond                   0x08000ab4   Section        0  stm32l0xx_hal_adc.o(i.ADC_DelayMicroSecond)
    ADC_DelayMicroSecond                     0x08000ab5   Thumb Code    28  stm32l0xx_hal_adc.o(i.ADC_DelayMicroSecond)
    i.ADC_Disable                            0x08000ad8   Section        0  stm32l0xx_hal_adc.o(i.ADC_Disable)
    ADC_Disable                              0x08000ad9   Thumb Code    96  stm32l0xx_hal_adc.o(i.ADC_Disable)
    i.ADC_Enable                             0x08000b38   Section        0  stm32l0xx_hal_adc.o(i.ADC_Enable)
    ADC_Enable                               0x08000b39   Thumb Code    96  stm32l0xx_hal_adc.o(i.ADC_Enable)
    i.App_Main                               0x08000b9c   Section        0  app.o(i.App_Main)
    i.DetectorBuff_Reset                     0x08000ba4   Section        0  lora_services.o(i.DetectorBuff_Reset)
    DetectorBuff_Reset                       0x08000ba5   Thumb Code    32  lora_services.o(i.DetectorBuff_Reset)
    i.EXTI0_1_IRQHandler                     0x08000bc8   Section        0  stm32l0xx_it.o(i.EXTI0_1_IRQHandler)
    i.EXTI4_15_IRQHandler                    0x08000bd2   Section        0  stm32l0xx_it.o(i.EXTI4_15_IRQHandler)
    i.Error_Handler                          0x08000be2   Section        0  main.o(i.Error_Handler)
    i.FLASH_SetErrorCode                     0x08000be4   Section        0  stm32l0xx_hal_flash.o(i.FLASH_SetErrorCode)
    FLASH_SetErrorCode                       0x08000be5   Thumb Code   134  stm32l0xx_hal_flash.o(i.FLASH_SetErrorCode)
    i.FLASH_WaitForLastOperation             0x08000c74   Section        0  stm32l0xx_hal_flash.o(i.FLASH_WaitForLastOperation)
    i.HAL_ADC_ConfigChannel                  0x08000ce4   Section        0  stm32l0xx_hal_adc.o(i.HAL_ADC_ConfigChannel)
    i.HAL_ADC_GetValue                       0x08000eac   Section        0  stm32l0xx_hal_adc.o(i.HAL_ADC_GetValue)
    i.HAL_ADC_Init                           0x08000f08   Section        0  stm32l0xx_hal_adc.o(i.HAL_ADC_Init)
    i.HAL_ADC_MspInit                        0x080013a8   Section        0  adc.o(i.HAL_ADC_MspInit)
    i.HAL_ADC_PollForConversion              0x08001414   Section        0  stm32l0xx_hal_adc.o(i.HAL_ADC_PollForConversion)
    i.HAL_ADC_Start                          0x08001528   Section        0  stm32l0xx_hal_adc.o(i.HAL_ADC_Start)
    i.HAL_ADC_Stop                           0x080015d8   Section        0  stm32l0xx_hal_adc.o(i.HAL_ADC_Stop)
    i.HAL_DMA_Abort_IT                       0x08001668   Section        0  stm32l0xx_hal_dma.o(i.HAL_DMA_Abort_IT)
    i.HAL_Delay                              0x080016b4   Section        0  stm32l0xx_hal.o(i.HAL_Delay)
    i.HAL_FLASH_Lock                         0x080016d0   Section        0  stm32l0xx_hal_flash.o(i.HAL_FLASH_Lock)
    i.HAL_FLASH_Program                      0x080016ec   Section        0  stm32l0xx_hal_flash.o(i.HAL_FLASH_Program)
    i.HAL_FLASH_Unlock                       0x08001790   Section        0  stm32l0xx_hal_flash.o(i.HAL_FLASH_Unlock)
    i.HAL_GPIO_EXTI_Callback                 0x080017ec   Section        0  stm32l0xx_hal_gpio.o(i.HAL_GPIO_EXTI_Callback)
    i.HAL_GPIO_EXTI_IRQHandler               0x080017f0   Section        0  stm32l0xx_hal_gpio.o(i.HAL_GPIO_EXTI_IRQHandler)
    i.HAL_GPIO_Init                          0x08001808   Section        0  stm32l0xx_hal_gpio.o(i.HAL_GPIO_Init)
    i.HAL_GPIO_WritePin                      0x08001af8   Section        0  stm32l0xx_hal_gpio.o(i.HAL_GPIO_WritePin)
    i.HAL_GetTick                            0x08001bc4   Section        0  stm32l0xx_hal.o(i.HAL_GetTick)
    i.HAL_IncTick                            0x08001bd0   Section        0  stm32l0xx_hal.o(i.HAL_IncTick)
    i.HAL_Init                               0x08001be0   Section        0  stm32l0xx_hal.o(i.HAL_Init)
    i.HAL_InitTick                           0x08001c08   Section        0  stm32l0xx_hal_timebase_tim.o(i.HAL_InitTick)
    i.HAL_MspInit                            0x08001c7c   Section        0  stm32l0xx_hal_msp.o(i.HAL_MspInit)
    i.HAL_NVIC_EnableIRQ                     0x08001c94   Section        0  stm32l0xx_hal_cortex.o(i.HAL_NVIC_EnableIRQ)
    i.HAL_NVIC_SetPriority                   0x08001cf0   Section        0  stm32l0xx_hal_cortex.o(i.HAL_NVIC_SetPriority)
    i.HAL_PWR_DisableWakeUpPin               0x08001d48   Section        0  stm32l0xx_hal_pwr.o(i.HAL_PWR_DisableWakeUpPin)
    i.HAL_PWR_EnableWakeUpPin                0x08001db4   Section        0  stm32l0xx_hal_pwr.o(i.HAL_PWR_EnableWakeUpPin)
    i.HAL_PWR_EnterSTANDBYMode               0x08001e20   Section        0  stm32l0xx_hal_pwr.o(i.HAL_PWR_EnterSTANDBYMode)
    i.HAL_RCCEx_PeriphCLKConfig              0x08001e40   Section        0  stm32l0xx_hal_rcc_ex.o(i.HAL_RCCEx_PeriphCLKConfig)
    i.HAL_RCC_ClockConfig                    0x0800211c   Section        0  stm32l0xx_hal_rcc.o(i.HAL_RCC_ClockConfig)
    i.HAL_RCC_GetClockConfig                 0x08002398   Section        0  stm32l0xx_hal_rcc.o(i.HAL_RCC_GetClockConfig)
    i.HAL_RCC_GetPCLK1Freq                   0x08002430   Section        0  stm32l0xx_hal_rcc.o(i.HAL_RCC_GetPCLK1Freq)
    i.HAL_RCC_GetPCLK2Freq                   0x08002450   Section        0  stm32l0xx_hal_rcc.o(i.HAL_RCC_GetPCLK2Freq)
    i.HAL_RCC_GetSysClockFreq                0x08002470   Section        0  stm32l0xx_hal_rcc.o(i.HAL_RCC_GetSysClockFreq)
    i.HAL_RCC_OscConfig                      0x080024e8   Section        0  stm32l0xx_hal_rcc.o(i.HAL_RCC_OscConfig)
    i.HAL_RNG_ErrorCallback                  0x08002be4   Section        0  stm32l0xx_hal_rng.o(i.HAL_RNG_ErrorCallback)
    i.HAL_RNG_GenerateRandomNumber           0x08002be6   Section        0  stm32l0xx_hal_rng.o(i.HAL_RNG_GenerateRandomNumber)
    i.HAL_RNG_IRQHandler                     0x08002c4c   Section        0  stm32l0xx_hal_rng.o(i.HAL_RNG_IRQHandler)
    i.HAL_RNG_Init                           0x08002ca4   Section        0  stm32l0xx_hal_rng.o(i.HAL_RNG_Init)
    i.HAL_RNG_MspInit                        0x08002d24   Section        0  rng.o(i.HAL_RNG_MspInit)
    i.HAL_RNG_ReadyDataCallback              0x08002d5c   Section        0  stm32l0xx_hal_rng.o(i.HAL_RNG_ReadyDataCallback)
    i.HAL_RTCEx_DeactivateWakeUpTimer        0x08002d5e   Section        0  stm32l0xx_hal_rtc_ex.o(i.HAL_RTCEx_DeactivateWakeUpTimer)
    i.HAL_RTCEx_SetWakeUpTimer_IT            0x08002dd8   Section        0  stm32l0xx_hal_rtc_ex.o(i.HAL_RTCEx_SetWakeUpTimer_IT)
    i.HAL_RTCEx_WakeUpTimerEventCallback     0x08002f44   Section        0  stm32l0xx_hal_rtc_ex.o(i.HAL_RTCEx_WakeUpTimerEventCallback)
    i.HAL_RTCEx_WakeUpTimerIRQHandler        0x08002f48   Section        0  stm32l0xx_hal_rtc_ex.o(i.HAL_RTCEx_WakeUpTimerIRQHandler)
    i.HAL_RTC_Init                           0x08002f80   Section        0  stm32l0xx_hal_rtc.o(i.HAL_RTC_Init)
    i.HAL_RTC_MspInit                        0x0800311c   Section        0  rtc.o(i.HAL_RTC_MspInit)
    i.HAL_RTC_WaitForSynchro                 0x0800314c   Section        0  stm32l0xx_hal_rtc.o(i.HAL_RTC_WaitForSynchro)
    i.HAL_SPI_Init                           0x08003180   Section        0  stm32l0xx_hal_spi.o(i.HAL_SPI_Init)
    i.HAL_SPI_MspInit                        0x08003344   Section        0  spi.o(i.HAL_SPI_MspInit)
    i.HAL_SPI_TransmitReceive                0x080033a0   Section        0  stm32l0xx_hal_spi.o(i.HAL_SPI_TransmitReceive)
    i.HAL_TIMEx_MasterConfigSynchronization  0x08003604   Section        0  stm32l0xx_hal_tim_ex.o(i.HAL_TIMEx_MasterConfigSynchronization)
    i.HAL_TIM_Base_Init                      0x08003704   Section        0  stm32l0xx_hal_tim.o(i.HAL_TIM_Base_Init)
    i.HAL_TIM_Base_MspInit                   0x08003830   Section        0  tim.o(i.HAL_TIM_Base_MspInit)
    i.HAL_TIM_Base_Start                     0x0800384c   Section        0  stm32l0xx_hal_tim.o(i.HAL_TIM_Base_Start)
    i.HAL_TIM_Base_Start_IT                  0x080038f0   Section        0  stm32l0xx_hal_tim.o(i.HAL_TIM_Base_Start_IT)
    i.HAL_TIM_IC_CaptureCallback             0x08003994   Section        0  stm32l0xx_hal_tim.o(i.HAL_TIM_IC_CaptureCallback)
    i.HAL_TIM_IRQHandler                     0x08003996   Section        0  stm32l0xx_hal_tim.o(i.HAL_TIM_IRQHandler)
    i.HAL_TIM_OC_DelayElapsedCallback        0x08003abc   Section        0  stm32l0xx_hal_tim.o(i.HAL_TIM_OC_DelayElapsedCallback)
    i.HAL_TIM_PWM_PulseFinishedCallback      0x08003abe   Section        0  stm32l0xx_hal_tim.o(i.HAL_TIM_PWM_PulseFinishedCallback)
    i.HAL_TIM_PeriodElapsedCallback          0x08003ac0   Section        0  main.o(i.HAL_TIM_PeriodElapsedCallback)
    i.HAL_TIM_TriggerCallback                0x08003ad4   Section        0  stm32l0xx_hal_tim.o(i.HAL_TIM_TriggerCallback)
    i.HAL_UARTEx_WakeupCallback              0x08003ad6   Section        0  stm32l0xx_hal_uart_ex.o(i.HAL_UARTEx_WakeupCallback)
    i.HAL_UART_ErrorCallback                 0x08003ad8   Section        0  stm32l0xx_hal_uart.o(i.HAL_UART_ErrorCallback)
    i.HAL_UART_IRQHandler                    0x08003adc   Section        0  stm32l0xx_hal_uart.o(i.HAL_UART_IRQHandler)
    i.HAL_UART_Init                          0x08003c18   Section        0  stm32l0xx_hal_uart.o(i.HAL_UART_Init)
    i.HAL_UART_MspInit                       0x08003d1c   Section        0  usart.o(i.HAL_UART_MspInit)
    i.HAL_UART_Receive_IT                    0x08003dcc   Section        0  stm32l0xx_hal_uart.o(i.HAL_UART_Receive_IT)
    i.HAL_UART_RxCpltCallback                0x08003e90   Section        0  app.o(i.HAL_UART_RxCpltCallback)
    i.HAL_UART_Transmit                      0x08003ed8   Section        0  stm32l0xx_hal_uart.o(i.HAL_UART_Transmit)
    i.HAL_UART_TxCpltCallback                0x08003fa6   Section        0  stm32l0xx_hal_uart.o(i.HAL_UART_TxCpltCallback)
    i.HardFault_Handler                      0x08003fa8   Section        0  stm32l0xx_it.o(i.HardFault_Handler)
    i.LoRaMac_ParserData                     0x08003faa   Section        0  loramac_node.o(i.LoRaMac_ParserData)
    i.LoRaMac_SerializePacket                0x08004026   Section        0  loramac_node.o(i.LoRaMac_SerializePacket)
    i.LoRaMac_SetUpACKMessage                0x0800409c   Section        0  loramac_node.o(i.LoRaMac_SetUpACKMessage)
    i.LoRaMac_SetUpDataMessage               0x080040d8   Section        0  loramac_node.o(i.LoRaMac_SetUpDataMessage)
    i.LoRaNodeSV_SendData_Normal             0x08004128   Section        0  lora_services.o(i.LoRaNodeSV_SendData_Normal)
    LoRaNodeSV_SendData_Normal               0x08004129   Thumb Code    14  lora_services.o(i.LoRaNodeSV_SendData_Normal)
    i.LoRaSV_RxHandle                        0x08004138   Section        0  lora_services.o(i.LoRaSV_RxHandle)
    LoRaSV_RxHandle                          0x08004139   Thumb Code   250  lora_services.o(i.LoRaSV_RxHandle)
    i.LoRa_MainProcess                       0x080042ac   Section        0  lora_services.o(i.LoRa_MainProcess)
    LoRa_MainProcess                         0x080042ad   Thumb Code   574  lora_services.o(i.LoRa_MainProcess)
    i.LoRa_Process                           0x08004680   Section        0  lora_services.o(i.LoRa_Process)
    i.MX_ADC_Init                            0x080046f4   Section        0  adc.o(i.MX_ADC_Init)
    i.MX_GPIO_Init                           0x08004744   Section        0  gpio.o(i.MX_GPIO_Init)
    i.MX_RNG_Init                            0x080048d0   Section        0  rng.o(i.MX_RNG_Init)
    i.MX_RTC_Init                            0x080048f0   Section        0  rtc.o(i.MX_RTC_Init)
    i.MX_SPI2_Init                           0x08004924   Section        0  spi.o(i.MX_SPI2_Init)
    i.MX_TIM7_Init                           0x08004964   Section        0  tim.o(i.MX_TIM7_Init)
    i.MX_USART1_UART_Init                    0x080049ac   Section        0  usart.o(i.MX_USART1_UART_Init)
    i.NMI_Handler                            0x080049e4   Section        0  stm32l0xx_it.o(i.NMI_Handler)
    i.NVIC_SetPriority                       0x080049e8   Section        0  stm32l0xx_hal_cortex.o(i.NVIC_SetPriority)
    NVIC_SetPriority                         0x080049e9   Thumb Code    60  stm32l0xx_hal_cortex.o(i.NVIC_SetPriority)
    i.PendSV_Handler                         0x08004a2c   Section        0  stm32l0xx_it.o(i.PendSV_Handler)
    i.RNG_LPUART1_IRQHandler                 0x08004a30   Section        0  stm32l0xx_it.o(i.RNG_LPUART1_IRQHandler)
    i.RTC_EnterInitMode                      0x08004a48   Section        0  stm32l0xx_hal_rtc.o(i.RTC_EnterInitMode)
    i.RTC_IRQHandler                         0x08004a80   Section        0  stm32l0xx_it.o(i.RTC_IRQHandler)
    i.SPI_EndRxTxTransaction                 0x08004a90   Section        0  stm32l0xx_hal_spi.o(i.SPI_EndRxTxTransaction)
    SPI_EndRxTxTransaction                   0x08004a91   Thumb Code    66  stm32l0xx_hal_spi.o(i.SPI_EndRxTxTransaction)
    i.SPI_WaitFlagStateUntilTimeout          0x08004ad2   Section        0  stm32l0xx_hal_spi.o(i.SPI_WaitFlagStateUntilTimeout)
    SPI_WaitFlagStateUntilTimeout            0x08004ad3   Thumb Code   140  stm32l0xx_hal_spi.o(i.SPI_WaitFlagStateUntilTimeout)
    i.SVC_Handler                            0x08004b5e   Section        0  stm32l0xx_it.o(i.SVC_Handler)
    i.Sx127x_ClearFlagsReg                   0x08004b60   Section        0  sx127x.o(i.Sx127x_ClearFlagsReg)
    i.Sx127x_InitModule                      0x08004b72   Section        0  sx127x.o(i.Sx127x_InitModule)
    i.Sx127x_Interface                       0x08004bc8   Section        0  sx127x.o(i.Sx127x_Interface)
    i.Sx127x_ReadReg                         0x08004c14   Section        0  sx127x.o(i.Sx127x_ReadReg)
    i.Sx127x_ReceiveData                     0x08004c38   Section        0  sx127x.o(i.Sx127x_ReceiveData)
    i.Sx127x_Reset                           0x08004d52   Section        0  sx127x.o(i.Sx127x_Reset)
    i.Sx127x_SendData                        0x08004d78   Section        0  sx127x.o(i.Sx127x_SendData)
    i.Sx127x_SetFrequency                    0x08004e68   Section        0  sx127x.o(i.Sx127x_SetFrequency)
    i.Sx127x_SetLoRa                         0x08004ec4   Section        0  sx127x.o(i.Sx127x_SetLoRa)
    i.Sx127x_SetModeRx                       0x08004f0c   Section        0  sx127x.o(i.Sx127x_SetModeRx)
    i.Sx127x_SetModeSleep                    0x08004f38   Section        0  sx127x.o(i.Sx127x_SetModeSleep)
    i.Sx127x_SetModeStdby                    0x08004f5a   Section        0  sx127x.o(i.Sx127x_SetModeStdby)
    i.Sx127x_SetModeTx                       0x08004f7e   Section        0  sx127x.o(i.Sx127x_SetModeTx)
    i.Sx127x_SetModemConfig                  0x08004fac   Section        0  sx127x.o(i.Sx127x_SetModemConfig)
    i.Sx127x_SetNetworkId                    0x08004ff4   Section        0  sx127x.o(i.Sx127x_SetNetworkId)
    i.Sx127x_SetOpMode                       0x08005006   Section        0  sx127x.o(i.Sx127x_SetOpMode)
    i.Sx127x_SetPreambleLength               0x08005038   Section        0  sx127x.o(i.Sx127x_SetPreambleLength)
    i.Sx127x_SetTxPower                      0x0800505c   Section        0  sx127x.o(i.Sx127x_SetTxPower)
    i.Sx127x_WriteReg                        0x080050c8   Section        0  sx127x.o(i.Sx127x_WriteReg)
    i.SystemClock_Config                     0x080050e8   Section        0  main.o(i.SystemClock_Config)
    i.SystemInit                             0x08005170   Section        0  system_stm32l0xx.o(i.SystemInit)
    i.TIM6_DAC_IRQHandler                    0x080051c4   Section        0  stm32l0xx_it.o(i.TIM6_DAC_IRQHandler)
    i.TIM_Base_SetConfig                     0x080051d4   Section        0  stm32l0xx_hal_tim.o(i.TIM_Base_SetConfig)
    TIM_Base_SetConfig                       0x080051d5   Thumb Code    90  stm32l0xx_hal_tim.o(i.TIM_Base_SetConfig)
    i.UART_AdvFeatureConfig                  0x0800523c   Section        0  stm32l0xx_hal_uart.o(i.UART_AdvFeatureConfig)
    i.UART_CheckIdleState                    0x08005438   Section        0  stm32l0xx_hal_uart.o(i.UART_CheckIdleState)
    i.UART_DMAAbortOnError                   0x08005498   Section        0  stm32l0xx_hal_uart.o(i.UART_DMAAbortOnError)
    UART_DMAAbortOnError                     0x08005499   Thumb Code    20  stm32l0xx_hal_uart.o(i.UART_DMAAbortOnError)
    i.UART_EndRxTransfer                     0x080054ac   Section        0  stm32l0xx_hal_uart.o(i.UART_EndRxTransfer)
    UART_EndRxTransfer                       0x080054ad   Thumb Code    32  stm32l0xx_hal_uart.o(i.UART_EndRxTransfer)
    i.UART_RxISR_16BIT                       0x080054cc   Section        0  stm32l0xx_hal_uart.o(i.UART_RxISR_16BIT)
    UART_RxISR_16BIT                         0x080054cd   Thumb Code    88  stm32l0xx_hal_uart.o(i.UART_RxISR_16BIT)
    i.UART_RxISR_8BIT                        0x08005524   Section        0  stm32l0xx_hal_uart.o(i.UART_RxISR_8BIT)
    UART_RxISR_8BIT                          0x08005525   Thumb Code    88  stm32l0xx_hal_uart.o(i.UART_RxISR_8BIT)
    i.UART_SetConfig                         0x0800557c   Section        0  stm32l0xx_hal_uart.o(i.UART_SetConfig)
    i.UART_WaitOnFlagUntilTimeout            0x080058e4   Section        0  stm32l0xx_hal_uart.o(i.UART_WaitOnFlagUntilTimeout)
    i.USART1_IRQHandler                      0x08005948   Section        0  stm32l0xx_it.o(i.USART1_IRQHandler)
    i.__0printf                              0x08005958   Section        0  printfa.o(i.__0printf)
    i.__0sprintf                             0x08005978   Section        0  printfa.o(i.__0sprintf)
    i.__ARM_clz                              0x080059a0   Section        0  depilogue.o(i.__ARM_clz)
    i.__ARM_common_switch8                   0x080059ce   Section        0  stm32l0xx_hal_uart.o(i.__ARM_common_switch8)
    i.__scatterload_copy                     0x080059e8   Section       14  handlers.o(i.__scatterload_copy)
    i.__scatterload_null                     0x080059f6   Section        2  handlers.o(i.__scatterload_null)
    i.__scatterload_zeroinit                 0x080059f8   Section       14  handlers.o(i.__scatterload_zeroinit)
    i._fp_digits                             0x08005a08   Section        0  printfa.o(i._fp_digits)
    _fp_digits                               0x08005a09   Thumb Code   344  printfa.o(i._fp_digits)
    i._printf_core                           0x08005b7c   Section        0  printfa.o(i._printf_core)
    _printf_core                             0x08005b7d   Thumb Code  1754  printfa.o(i._printf_core)
    i._printf_post_padding                   0x08006268   Section        0  printfa.o(i._printf_post_padding)
    _printf_post_padding                     0x08006269   Thumb Code    32  printfa.o(i._printf_post_padding)
    i._printf_pre_padding                    0x08006288   Section        0  printfa.o(i._printf_pre_padding)
    _printf_pre_padding                      0x08006289   Thumb Code    44  printfa.o(i._printf_pre_padding)
    i._sputc                                 0x080062b4   Section        0  printfa.o(i._sputc)
    _sputc                                   0x080062b5   Thumb Code    10  printfa.o(i._sputc)
    i.assert_failed                          0x080062be   Section        0  main.o(i.assert_failed)
    i.delay_us                               0x080062c0   Section        0  sensor.o(i.delay_us)
    i.fputc                                  0x080062d8   Section        0  uart_debug.o(i.fputc)
    i.gp2y_adc_measure                       0x080062f0   Section        0  sensor.o(i.gp2y_adc_measure)
    i.main                                   0x08006364   Section        0  main.o(i.main)
    i.mq135_adc_measure                      0x08006504   Section        0  sensor.o(i.mq135_adc_measure)
    i.rand1                                  0x08006544   Section        0  lora_services.o(i.rand1)
    i.randr                                  0x08006570   Section        0  lora_services.o(i.randr)
    .constdata                               0x08006586   Section       25  system_stm32l0xx.o(.constdata)
    .constdata                               0x0800659f   Section        8  system_stm32l0xx.o(.constdata)
    .constdata                               0x080065a7   Section       15  sx127x.o(.constdata)
    MODEM_CONFIG_TABLE                       0x080065a7   Data          15  sx127x.o(.constdata)
    .data                                    0x20000000   Section       40  main.o(.data)
    .data                                    0x20000028   Section        4  stm32l0xx_hal.o(.data)
    .data                                    0x2000002c   Section        4  system_stm32l0xx.o(.data)
    .data                                    0x20000030   Section        4  sx127x_cfg.o(.data)
    .data                                    0x20000034   Section       32  sx127x_cfg.o(.data)
    .data                                    0x20000054   Section      120  lora_services.o(.data)
    next                                     0x20000060   Data           4  lora_services.o(.data)
    .data                                    0x200000cc   Section      520  loramac_node_cfg.o(.data)
    .data                                    0x200002d4   Section        4  stdout.o(.data)
    .bss                                     0x200002d8   Section      256  usart.o(.bss)
    .bss                                     0x200003d8   Section       16  rng.o(.bss)
    .bss                                     0x200003e8   Section       88  spi.o(.bss)
    .bss                                     0x20000440   Section       60  stm32l0xx_hal_timebase_tim.o(.bss)
    .bss                                     0x2000047c   Section       36  rtc.o(.bss)
    .bss                                     0x200004a0   Section       24  stm32l0xx_hal_flash.o(.bss)
    .bss                                     0x200004b8   Section      100  lora_services.o(.bss)
    .bss                                     0x2000051c   Section       92  adc.o(.bss)
    .bss                                     0x20000578   Section       60  tim.o(.bss)
    STACK                                    0x200005b8   Section     1024  startup_stm32l072xx.o(STACK)

    Global Symbols

    Symbol Name                              Value     Ov Type        Size  Object(Section)

    BuildAttributes$$THM_ISAv3M$S$PE$A:L22$X:L11$S22$IEEE1$IW$USESV6$~STKCKD$USESV7$~SHL$OTIME$ROPI$EBA8$MICROLIB$REQ8$PRES8$EABIv2 0x00000000   Number         0  anon$$obj.o ABSOLUTE
    __ARM_use_no_argv                        0x00000000   Number         0  main.o ABSOLUTE
    _printf_a                                0x00000000   Number         0  stubs.o ABSOLUTE
    _printf_c                                0x00000000   Number         0  stubs.o ABSOLUTE
    _printf_charcount                        0x00000000   Number         0  stubs.o ABSOLUTE
    _printf_d                                0x00000000   Number         0  stubs.o ABSOLUTE
    _printf_e                                0x00000000   Number         0  stubs.o ABSOLUTE
    _printf_f                                0x00000000   Number         0  stubs.o ABSOLUTE
    _printf_flags                            0x00000000   Number         0  stubs.o ABSOLUTE
    _printf_fp_dec                           0x00000000   Number         0  stubs.o ABSOLUTE
    _printf_fp_hex                           0x00000000   Number         0  stubs.o ABSOLUTE
    _printf_g                                0x00000000   Number         0  stubs.o ABSOLUTE
    _printf_i                                0x00000000   Number         0  stubs.o ABSOLUTE
    _printf_int_dec                          0x00000000   Number         0  stubs.o ABSOLUTE
    _printf_l                                0x00000000   Number         0  stubs.o ABSOLUTE
    _printf_lc                               0x00000000   Number         0  stubs.o ABSOLUTE
    _printf_ll                               0x00000000   Number         0  stubs.o ABSOLUTE
    _printf_lld                              0x00000000   Number         0  stubs.o ABSOLUTE
    _printf_lli                              0x00000000   Number         0  stubs.o ABSOLUTE
    _printf_llo                              0x00000000   Number         0  stubs.o ABSOLUTE
    _printf_llu                              0x00000000   Number         0  stubs.o ABSOLUTE
    _printf_llx                              0x00000000   Number         0  stubs.o ABSOLUTE
    _printf_longlong_dec                     0x00000000   Number         0  stubs.o ABSOLUTE
    _printf_longlong_hex                     0x00000000   Number         0  stubs.o ABSOLUTE
    _printf_longlong_oct                     0x00000000   Number         0  stubs.o ABSOLUTE
    _printf_ls                               0x00000000   Number         0  stubs.o ABSOLUTE
    _printf_mbtowc                           0x00000000   Number         0  stubs.o ABSOLUTE
    _printf_n                                0x00000000   Number         0  stubs.o ABSOLUTE
    _printf_o                                0x00000000   Number         0  stubs.o ABSOLUTE
    _printf_p                                0x00000000   Number         0  stubs.o ABSOLUTE
    _printf_percent                          0x00000000   Number         0  stubs.o ABSOLUTE
    _printf_pre_padding                      0x00000000   Number         0  stubs.o ABSOLUTE
    _printf_return_value                     0x00000000   Number         0  stubs.o ABSOLUTE
    _printf_s                                0x00000000   Number         0  stubs.o ABSOLUTE
    _printf_sizespec                         0x00000000   Number         0  stubs.o ABSOLUTE
    _printf_str                              0x00000000   Number         0  stubs.o ABSOLUTE
    _printf_truncate_signed                  0x00000000   Number         0  stubs.o ABSOLUTE
    _printf_truncate_unsigned                0x00000000   Number         0  stubs.o ABSOLUTE
    _printf_u                                0x00000000   Number         0  stubs.o ABSOLUTE
    _printf_wc                               0x00000000   Number         0  stubs.o ABSOLUTE
    _printf_wctomb                           0x00000000   Number         0  stubs.o ABSOLUTE
    _printf_widthprec                        0x00000000   Number         0  stubs.o ABSOLUTE
    _printf_x                                0x00000000   Number         0  stubs.o ABSOLUTE
    __cpp_initialize__aeabi_                  - Undefined Weak Reference
    __cxa_finalize                            - Undefined Weak Reference
    _clock_init                               - Undefined Weak Reference
    _microlib_exit                            - Undefined Weak Reference
    __Vectors_Size                           0x000000c0   Number         0  startup_stm32l072xx.o ABSOLUTE
    __Vectors                                0x08000000   Data           4  startup_stm32l072xx.o(RESET)
    __Vectors_End                            0x080000c0   Data           0  startup_stm32l072xx.o(RESET)
    __main                                   0x080000c1   Thumb Code     0  entry.o(.ARM.Collect$$$$00000000)
    _main_stk                                0x080000c1   Thumb Code     0  entry2.o(.ARM.Collect$$$$00000001)
    _main_scatterload                        0x080000c5   Thumb Code     0  entry5.o(.ARM.Collect$$$$00000004)
    __main_after_scatterload                 0x080000c9   Thumb Code     0  entry5.o(.ARM.Collect$$$$00000004)
    _main_clock                              0x080000c9   Thumb Code     0  entry7b.o(.ARM.Collect$$$$00000008)
    _main_cpp_init                           0x080000c9   Thumb Code     0  entry8b.o(.ARM.Collect$$$$0000000A)
    _main_init                               0x080000c9   Thumb Code     0  entry9a.o(.ARM.Collect$$$$0000000B)
    __rt_final_cpp                           0x080000d1   Thumb Code     0  entry10a.o(.ARM.Collect$$$$0000000D)
    __rt_final_exit                          0x080000d1   Thumb Code     0  entry11a.o(.ARM.Collect$$$$0000000F)
    Reset_Handler                            0x080000d5   Thumb Code     8  startup_stm32l072xx.o(.text)
    SysTick_Handler                          0x080000e5   Thumb Code     2  startup_stm32l072xx.o(.text)
    ADC1_COMP_IRQHandler                     0x080000e7   Thumb Code     0  startup_stm32l072xx.o(.text)
    DMA1_Channel1_IRQHandler                 0x080000e7   Thumb Code     0  startup_stm32l072xx.o(.text)
    DMA1_Channel2_3_IRQHandler               0x080000e7   Thumb Code     0  startup_stm32l072xx.o(.text)
    DMA1_Channel4_5_6_7_IRQHandler           0x080000e7   Thumb Code     0  startup_stm32l072xx.o(.text)
    EXTI2_3_IRQHandler                       0x080000e7   Thumb Code     0  startup_stm32l072xx.o(.text)
    FLASH_IRQHandler                         0x080000e7   Thumb Code     0  startup_stm32l072xx.o(.text)
    I2C1_IRQHandler                          0x080000e7   Thumb Code     0  startup_stm32l072xx.o(.text)
    I2C2_IRQHandler                          0x080000e7   Thumb Code     0  startup_stm32l072xx.o(.text)
    I2C3_IRQHandler                          0x080000e7   Thumb Code     0  startup_stm32l072xx.o(.text)
    LPTIM1_IRQHandler                        0x080000e7   Thumb Code     0  startup_stm32l072xx.o(.text)
    PVD_IRQHandler                           0x080000e7   Thumb Code     0  startup_stm32l072xx.o(.text)
    RCC_CRS_IRQHandler                       0x080000e7   Thumb Code     0  startup_stm32l072xx.o(.text)
    SPI1_IRQHandler                          0x080000e7   Thumb Code     0  startup_stm32l072xx.o(.text)
    SPI2_IRQHandler                          0x080000e7   Thumb Code     0  startup_stm32l072xx.o(.text)
    TIM21_IRQHandler                         0x080000e7   Thumb Code     0  startup_stm32l072xx.o(.text)
    TIM22_IRQHandler                         0x080000e7   Thumb Code     0  startup_stm32l072xx.o(.text)
    TIM2_IRQHandler                          0x080000e7   Thumb Code     0  startup_stm32l072xx.o(.text)
    TIM3_IRQHandler                          0x080000e7   Thumb Code     0  startup_stm32l072xx.o(.text)
    TIM7_IRQHandler                          0x080000e7   Thumb Code     0  startup_stm32l072xx.o(.text)
    TSC_IRQHandler                           0x080000e7   Thumb Code     0  startup_stm32l072xx.o(.text)
    USART2_IRQHandler                        0x080000e7   Thumb Code     0  startup_stm32l072xx.o(.text)
    USART4_5_IRQHandler                      0x080000e7   Thumb Code     0  startup_stm32l072xx.o(.text)
    USB_IRQHandler                           0x080000e7   Thumb Code     0  startup_stm32l072xx.o(.text)
    WWDG_IRQHandler                          0x080000e7   Thumb Code     0  startup_stm32l072xx.o(.text)
    __aeabi_uidiv                            0x080000f1   Thumb Code     0  uidiv.o(.text)
    __aeabi_uidivmod                         0x080000f1   Thumb Code    44  uidiv.o(.text)
    __aeabi_idiv                             0x0800011d   Thumb Code     0  idiv.o(.text)
    __aeabi_idivmod                          0x0800011d   Thumb Code    40  idiv.o(.text)
    __aeabi_uldivmod                         0x08000145   Thumb Code    96  uldiv.o(.text)
    __aeabi_memcpy                           0x080001a5   Thumb Code    36  memcpya.o(.text)
    __aeabi_memcpy4                          0x080001a5   Thumb Code     0  memcpya.o(.text)
    __aeabi_memcpy8                          0x080001a5   Thumb Code     0  memcpya.o(.text)
    __aeabi_memset                           0x080001c9   Thumb Code    14  memseta.o(.text)
    __aeabi_memset4                          0x080001c9   Thumb Code     0  memseta.o(.text)
    __aeabi_memset8                          0x080001c9   Thumb Code     0  memseta.o(.text)
    __aeabi_memclr                           0x080001d7   Thumb Code     4  memseta.o(.text)
    __aeabi_memclr4                          0x080001d7   Thumb Code     0  memseta.o(.text)
    __aeabi_memclr8                          0x080001d7   Thumb Code     0  memseta.o(.text)
    _memset$wrapper                          0x080001db   Thumb Code    18  memseta.o(.text)
    __aeabi_fadd                             0x080001ed   Thumb Code   162  fadd.o(.text)
    __aeabi_fsub                             0x0800028f   Thumb Code     8  fadd.o(.text)
    __aeabi_frsub                            0x08000297   Thumb Code     8  fadd.o(.text)
    __aeabi_fmul                             0x0800029f   Thumb Code   122  fmul.o(.text)
    __aeabi_fdiv                             0x08000319   Thumb Code   124  fdiv.o(.text)
    __ARM_scalbnf                            0x08000395   Thumb Code    24  fscalb.o(.text)
    scalbnf                                  0x08000395   Thumb Code     0  fscalb.o(.text)
    __aeabi_dadd                             0x080003ad   Thumb Code   328  dadd.o(.text)
    __aeabi_dsub                             0x080004f5   Thumb Code    12  dadd.o(.text)
    __aeabi_drsub                            0x08000501   Thumb Code    12  dadd.o(.text)
    __aeabi_dmul                             0x08000511   Thumb Code   202  dmul.o(.text)
    __aeabi_ddiv                             0x080005e1   Thumb Code   234  ddiv.o(.text)
    __aeabi_i2f                              0x080006d1   Thumb Code    22  fflti.o(.text)
    __aeabi_d2uiz                            0x080006e9   Thumb Code    50  dfixui.o(.text)
    __aeabi_f2d                              0x08000725   Thumb Code    40  f2d.o(.text)
    __aeabi_d2f                              0x0800074d   Thumb Code    56  d2f.o(.text)
    __aeabi_llsl                             0x08000785   Thumb Code    32  llshl.o(.text)
    _ll_shift_l                              0x08000785   Thumb Code     0  llshl.o(.text)
    __aeabi_llsr                             0x080007a5   Thumb Code    34  llushr.o(.text)
    _ll_ushift_r                             0x080007a5   Thumb Code     0  llushr.o(.text)
    __aeabi_lasr                             0x080007c7   Thumb Code    38  llsshr.o(.text)
    _ll_sshift_r                             0x080007c7   Thumb Code     0  llsshr.o(.text)
    __I$use$fp                               0x080007ed   Thumb Code     0  iusefp.o(.text)
    _float_round                             0x080007ed   Thumb Code    16  fepilogue.o(.text)
    _float_epilogue                          0x080007fd   Thumb Code   114  fepilogue.o(.text)
    _double_round                            0x0800086f   Thumb Code    26  depilogue.o(.text)
    _double_epilogue                         0x08000889   Thumb Code   164  depilogue.o(.text)
    __aeabi_d2ulz                            0x0800092d   Thumb Code    54  dfixul.o(.text)
    __aeabi_cdrcmple                         0x0800096d   Thumb Code    38  cdrcmple.o(.text)
    __scatterload                            0x08000995   Thumb Code    28  init.o(.text)
    __scatterload_rt2                        0x08000995   Thumb Code     0  init.o(.text)
    __decompress                             0x080009b9   Thumb Code     0  __dczerorl2.o(.text)
    __decompress1                            0x080009b9   Thumb Code    86  __dczerorl2.o(.text)
    App_Main                                 0x08000b9d   Thumb Code     6  app.o(i.App_Main)
    EXTI0_1_IRQHandler                       0x08000bc9   Thumb Code    10  stm32l0xx_it.o(i.EXTI0_1_IRQHandler)
    EXTI4_15_IRQHandler                      0x08000bd3   Thumb Code    16  stm32l0xx_it.o(i.EXTI4_15_IRQHandler)
    Error_Handler                            0x08000be3   Thumb Code     2  main.o(i.Error_Handler)
    FLASH_WaitForLastOperation               0x08000c75   Thumb Code   106  stm32l0xx_hal_flash.o(i.FLASH_WaitForLastOperation)
    HAL_ADC_ConfigChannel                    0x08000ce5   Thumb Code   322  stm32l0xx_hal_adc.o(i.HAL_ADC_ConfigChannel)
    HAL_ADC_GetValue                         0x08000ead   Thumb Code    26  stm32l0xx_hal_adc.o(i.HAL_ADC_GetValue)
    HAL_ADC_Init                             0x08000f09   Thumb Code  1176  stm32l0xx_hal_adc.o(i.HAL_ADC_Init)
    HAL_ADC_MspInit                          0x080013a9   Thumb Code    96  adc.o(i.HAL_ADC_MspInit)
    HAL_ADC_PollForConversion                0x08001415   Thumb Code   210  stm32l0xx_hal_adc.o(i.HAL_ADC_PollForConversion)
    HAL_ADC_Start                            0x08001529   Thumb Code   112  stm32l0xx_hal_adc.o(i.HAL_ADC_Start)
    HAL_ADC_Stop                             0x080015d9   Thumb Code    78  stm32l0xx_hal_adc.o(i.HAL_ADC_Stop)
    HAL_DMA_Abort_IT                         0x08001669   Thumb Code    76  stm32l0xx_hal_dma.o(i.HAL_DMA_Abort_IT)
    HAL_Delay                                0x080016b5   Thumb Code    28  stm32l0xx_hal.o(i.HAL_Delay)
    HAL_FLASH_Lock                           0x080016d1   Thumb Code    22  stm32l0xx_hal_flash.o(i.HAL_FLASH_Lock)
    HAL_FLASH_Program                        0x080016ed   Thumb Code    92  stm32l0xx_hal_flash.o(i.HAL_FLASH_Program)
    HAL_FLASH_Unlock                         0x08001791   Thumb Code    70  stm32l0xx_hal_flash.o(i.HAL_FLASH_Unlock)
    HAL_GPIO_EXTI_Callback                   0x080017ed   Thumb Code     2  stm32l0xx_hal_gpio.o(i.HAL_GPIO_EXTI_Callback)
    HAL_GPIO_EXTI_IRQHandler                 0x080017f1   Thumb Code    18  stm32l0xx_hal_gpio.o(i.HAL_GPIO_EXTI_IRQHandler)
    HAL_GPIO_Init                            0x08001809   Thumb Code   632  stm32l0xx_hal_gpio.o(i.HAL_GPIO_Init)
    HAL_GPIO_WritePin                        0x08001af9   Thumb Code   118  stm32l0xx_hal_gpio.o(i.HAL_GPIO_WritePin)
    HAL_GetTick                              0x08001bc5   Thumb Code     6  stm32l0xx_hal.o(i.HAL_GetTick)
    HAL_IncTick                              0x08001bd1   Thumb Code    10  stm32l0xx_hal.o(i.HAL_IncTick)
    HAL_Init                                 0x08001be1   Thumb Code    36  stm32l0xx_hal.o(i.HAL_Init)
    HAL_InitTick                             0x08001c09   Thumb Code    94  stm32l0xx_hal_timebase_tim.o(i.HAL_InitTick)
    HAL_MspInit                              0x08001c7d   Thumb Code    20  stm32l0xx_hal_msp.o(i.HAL_MspInit)
    HAL_NVIC_EnableIRQ                       0x08001c95   Thumb Code    28  stm32l0xx_hal_cortex.o(i.HAL_NVIC_EnableIRQ)
    HAL_NVIC_SetPriority                     0x08001cf1   Thumb Code    28  stm32l0xx_hal_cortex.o(i.HAL_NVIC_SetPriority)
    HAL_PWR_DisableWakeUpPin                 0x08001d49   Thumb Code    46  stm32l0xx_hal_pwr.o(i.HAL_PWR_DisableWakeUpPin)
    HAL_PWR_EnableWakeUpPin                  0x08001db5   Thumb Code    46  stm32l0xx_hal_pwr.o(i.HAL_PWR_EnableWakeUpPin)
    HAL_PWR_EnterSTANDBYMode                 0x08001e21   Thumb Code    24  stm32l0xx_hal_pwr.o(i.HAL_PWR_EnterSTANDBYMode)
    HAL_RCCEx_PeriphCLKConfig                0x08001e41   Thumb Code   656  stm32l0xx_hal_rcc_ex.o(i.HAL_RCCEx_PeriphCLKConfig)
    HAL_RCC_ClockConfig                      0x0800211d   Thumb Code   546  stm32l0xx_hal_rcc.o(i.HAL_RCC_ClockConfig)
    HAL_RCC_GetClockConfig                   0x08002399   Thumb Code    82  stm32l0xx_hal_rcc.o(i.HAL_RCC_GetClockConfig)
    HAL_RCC_GetPCLK1Freq                     0x08002431   Thumb Code    20  stm32l0xx_hal_rcc.o(i.HAL_RCC_GetPCLK1Freq)
    HAL_RCC_GetPCLK2Freq                     0x08002451   Thumb Code    20  stm32l0xx_hal_rcc.o(i.HAL_RCC_GetPCLK2Freq)
    HAL_RCC_GetSysClockFreq                  0x08002471   Thumb Code   100  stm32l0xx_hal_rcc.o(i.HAL_RCC_GetSysClockFreq)
    HAL_RCC_OscConfig                        0x080024e9   Thumb Code  1766  stm32l0xx_hal_rcc.o(i.HAL_RCC_OscConfig)
    HAL_RNG_ErrorCallback                    0x08002be5   Thumb Code     2  stm32l0xx_hal_rng.o(i.HAL_RNG_ErrorCallback)
    HAL_RNG_GenerateRandomNumber             0x08002be7   Thumb Code   102  stm32l0xx_hal_rng.o(i.HAL_RNG_GenerateRandomNumber)
    HAL_RNG_IRQHandler                       0x08002c4d   Thumb Code    86  stm32l0xx_hal_rng.o(i.HAL_RNG_IRQHandler)
    HAL_RNG_Init                             0x08002ca5   Thumb Code    68  stm32l0xx_hal_rng.o(i.HAL_RNG_Init)
    HAL_RNG_MspInit                          0x08002d25   Thumb Code    46  rng.o(i.HAL_RNG_MspInit)
    HAL_RNG_ReadyDataCallback                0x08002d5d   Thumb Code     2  stm32l0xx_hal_rng.o(i.HAL_RNG_ReadyDataCallback)
    HAL_RTCEx_DeactivateWakeUpTimer          0x08002d5f   Thumb Code   122  stm32l0xx_hal_rtc_ex.o(i.HAL_RTCEx_DeactivateWakeUpTimer)
    HAL_RTCEx_SetWakeUpTimer_IT              0x08002dd9   Thumb Code   288  stm32l0xx_hal_rtc_ex.o(i.HAL_RTCEx_SetWakeUpTimer_IT)
    HAL_RTCEx_WakeUpTimerEventCallback       0x08002f45   Thumb Code     2  stm32l0xx_hal_rtc_ex.o(i.HAL_RTCEx_WakeUpTimerEventCallback)
    HAL_RTCEx_WakeUpTimerIRQHandler          0x08002f49   Thumb Code    48  stm32l0xx_hal_rtc_ex.o(i.HAL_RTCEx_WakeUpTimerIRQHandler)
    HAL_RTC_Init                             0x08002f81   Thumb Code   342  stm32l0xx_hal_rtc.o(i.HAL_RTC_Init)
    HAL_RTC_MspInit                          0x0800311d   Thumb Code    40  rtc.o(i.HAL_RTC_MspInit)
    HAL_RTC_WaitForSynchro                   0x0800314d   Thumb Code    52  stm32l0xx_hal_rtc.o(i.HAL_RTC_WaitForSynchro)
    HAL_SPI_Init                             0x08003181   Thumb Code   386  stm32l0xx_hal_spi.o(i.HAL_SPI_Init)
    HAL_SPI_MspInit                          0x08003345   Thumb Code    78  spi.o(i.HAL_SPI_MspInit)
    HAL_SPI_TransmitReceive                  0x080033a1   Thumb Code   550  stm32l0xx_hal_spi.o(i.HAL_SPI_TransmitReceive)
    HAL_TIMEx_MasterConfigSynchronization    0x08003605   Thumb Code   174  stm32l0xx_hal_tim_ex.o(i.HAL_TIMEx_MasterConfigSynchronization)
    HAL_TIM_Base_Init                        0x08003705   Thumb Code   218  stm32l0xx_hal_tim.o(i.HAL_TIM_Base_Init)
    HAL_TIM_Base_MspInit                     0x08003831   Thumb Code    20  tim.o(i.HAL_TIM_Base_MspInit)
    HAL_TIM_Base_Start                       0x0800384d   Thumb Code    88  stm32l0xx_hal_tim.o(i.HAL_TIM_Base_Start)
    HAL_TIM_Base_Start_IT                    0x080038f1   Thumb Code    86  stm32l0xx_hal_tim.o(i.HAL_TIM_Base_Start_IT)
    HAL_TIM_IC_CaptureCallback               0x08003995   Thumb Code     2  stm32l0xx_hal_tim.o(i.HAL_TIM_IC_CaptureCallback)
    HAL_TIM_IRQHandler                       0x08003997   Thumb Code   294  stm32l0xx_hal_tim.o(i.HAL_TIM_IRQHandler)
    HAL_TIM_OC_DelayElapsedCallback          0x08003abd   Thumb Code     2  stm32l0xx_hal_tim.o(i.HAL_TIM_OC_DelayElapsedCallback)
    HAL_TIM_PWM_PulseFinishedCallback        0x08003abf   Thumb Code     2  stm32l0xx_hal_tim.o(i.HAL_TIM_PWM_PulseFinishedCallback)
    HAL_TIM_PeriodElapsedCallback            0x08003ac1   Thumb Code    16  main.o(i.HAL_TIM_PeriodElapsedCallback)
    HAL_TIM_TriggerCallback                  0x08003ad5   Thumb Code     2  stm32l0xx_hal_tim.o(i.HAL_TIM_TriggerCallback)
    HAL_UARTEx_WakeupCallback                0x08003ad7   Thumb Code     2  stm32l0xx_hal_uart_ex.o(i.HAL_UARTEx_WakeupCallback)
    HAL_UART_ErrorCallback                   0x08003ad9   Thumb Code     2  stm32l0xx_hal_uart.o(i.HAL_UART_ErrorCallback)
    HAL_UART_IRQHandler                      0x08003add   Thumb Code   310  stm32l0xx_hal_uart.o(i.HAL_UART_IRQHandler)
    HAL_UART_Init                            0x08003c19   Thumb Code   178  stm32l0xx_hal_uart.o(i.HAL_UART_Init)
    HAL_UART_MspInit                         0x08003d1d   Thumb Code   160  usart.o(i.HAL_UART_MspInit)
    HAL_UART_Receive_IT                      0x08003dcd   Thumb Code   182  stm32l0xx_hal_uart.o(i.HAL_UART_Receive_IT)
    HAL_UART_RxCpltCallback                  0x08003e91   Thumb Code    68  app.o(i.HAL_UART_RxCpltCallback)
    HAL_UART_Transmit                        0x08003ed9   Thumb Code   206  stm32l0xx_hal_uart.o(i.HAL_UART_Transmit)
    HAL_UART_TxCpltCallback                  0x08003fa7   Thumb Code     2  stm32l0xx_hal_uart.o(i.HAL_UART_TxCpltCallback)
    HardFault_Handler                        0x08003fa9   Thumb Code     2  stm32l0xx_it.o(i.HardFault_Handler)
    LoRaMac_ParserData                       0x08003fab   Thumb Code   124  loramac_node.o(i.LoRaMac_ParserData)
    LoRaMac_SerializePacket                  0x08004027   Thumb Code   116  loramac_node.o(i.LoRaMac_SerializePacket)
    LoRaMac_SetUpACKMessage                  0x0800409d   Thumb Code    50  loramac_node.o(i.LoRaMac_SetUpACKMessage)
    LoRaMac_SetUpDataMessage                 0x080040d9   Thumb Code    72  loramac_node.o(i.LoRaMac_SetUpDataMessage)
    LoRa_Process                             0x08004681   Thumb Code    36  lora_services.o(i.LoRa_Process)
    MX_ADC_Init                              0x080046f5   Thumb Code    72  adc.o(i.MX_ADC_Init)
    MX_GPIO_Init                             0x08004745   Thumb Code   358  gpio.o(i.MX_GPIO_Init)
    MX_RNG_Init                              0x080048d1   Thumb Code    24  rng.o(i.MX_RNG_Init)
    MX_RTC_Init                              0x080048f1   Thumb Code    42  rtc.o(i.MX_RTC_Init)
    MX_SPI2_Init                             0x08004925   Thumb Code    56  spi.o(i.MX_SPI2_Init)
    MX_TIM7_Init                             0x08004965   Thumb Code    60  tim.o(i.MX_TIM7_Init)
    MX_USART1_UART_Init                      0x080049ad   Thumb Code    48  usart.o(i.MX_USART1_UART_Init)
    NMI_Handler                              0x080049e5   Thumb Code     2  stm32l0xx_it.o(i.NMI_Handler)
    PendSV_Handler                           0x08004a2d   Thumb Code     2  stm32l0xx_it.o(i.PendSV_Handler)
    RNG_LPUART1_IRQHandler                   0x08004a31   Thumb Code    16  stm32l0xx_it.o(i.RNG_LPUART1_IRQHandler)
    RTC_EnterInitMode                        0x08004a49   Thumb Code    56  stm32l0xx_hal_rtc.o(i.RTC_EnterInitMode)
    RTC_IRQHandler                           0x08004a81   Thumb Code    10  stm32l0xx_it.o(i.RTC_IRQHandler)
    SVC_Handler                              0x08004b5f   Thumb Code     2  stm32l0xx_it.o(i.SVC_Handler)
    Sx127x_ClearFlagsReg                     0x08004b61   Thumb Code    18  sx127x.o(i.Sx127x_ClearFlagsReg)
    Sx127x_InitModule                        0x08004b73   Thumb Code    86  sx127x.o(i.Sx127x_InitModule)
    Sx127x_Interface                         0x08004bc9   Thumb Code    72  sx127x.o(i.Sx127x_Interface)
    Sx127x_ReadReg                           0x08004c15   Thumb Code    36  sx127x.o(i.Sx127x_ReadReg)
    Sx127x_ReceiveData                       0x08004c39   Thumb Code   282  sx127x.o(i.Sx127x_ReceiveData)
    Sx127x_Reset                             0x08004d53   Thumb Code    38  sx127x.o(i.Sx127x_Reset)
    Sx127x_SendData                          0x08004d79   Thumb Code   238  sx127x.o(i.Sx127x_SendData)
    Sx127x_SetFrequency                      0x08004e69   Thumb Code    82  sx127x.o(i.Sx127x_SetFrequency)
    Sx127x_SetLoRa                           0x08004ec5   Thumb Code    72  sx127x.o(i.Sx127x_SetLoRa)
    Sx127x_SetModeRx                         0x08004f0d   Thumb Code    44  sx127x.o(i.Sx127x_SetModeRx)
    Sx127x_SetModeSleep                      0x08004f39   Thumb Code    34  sx127x.o(i.Sx127x_SetModeSleep)
    Sx127x_SetModeStdby                      0x08004f5b   Thumb Code    36  sx127x.o(i.Sx127x_SetModeStdby)
    Sx127x_SetModeTx                         0x08004f7f   Thumb Code    44  sx127x.o(i.Sx127x_SetModeTx)
    Sx127x_SetModemConfig                    0x08004fad   Thumb Code    68  sx127x.o(i.Sx127x_SetModemConfig)
    Sx127x_SetNetworkId                      0x08004ff5   Thumb Code    18  sx127x.o(i.Sx127x_SetNetworkId)
    Sx127x_SetOpMode                         0x08005007   Thumb Code    50  sx127x.o(i.Sx127x_SetOpMode)
    Sx127x_SetPreambleLength                 0x08005039   Thumb Code    36  sx127x.o(i.Sx127x_SetPreambleLength)
    Sx127x_SetTxPower                        0x0800505d   Thumb Code   108  sx127x.o(i.Sx127x_SetTxPower)
    Sx127x_WriteReg                          0x080050c9   Thumb Code    30  sx127x.o(i.Sx127x_WriteReg)
    SystemClock_Config                       0x080050e9   Thumb Code   132  main.o(i.SystemClock_Config)
    SystemInit                               0x08005171   Thumb Code    66  system_stm32l0xx.o(i.SystemInit)
    TIM6_DAC_IRQHandler                      0x080051c5   Thumb Code    10  stm32l0xx_it.o(i.TIM6_DAC_IRQHandler)
    UART_AdvFeatureConfig                    0x0800523d   Thumb Code   436  stm32l0xx_hal_uart.o(i.UART_AdvFeatureConfig)
    UART_CheckIdleState                      0x08005439   Thumb Code    90  stm32l0xx_hal_uart.o(i.UART_CheckIdleState)
    UART_SetConfig                           0x0800557d   Thumb Code   756  stm32l0xx_hal_uart.o(i.UART_SetConfig)
    UART_WaitOnFlagUntilTimeout              0x080058e5   Thumb Code    98  stm32l0xx_hal_uart.o(i.UART_WaitOnFlagUntilTimeout)
    USART1_IRQHandler                        0x08005949   Thumb Code    10  stm32l0xx_it.o(i.USART1_IRQHandler)
    __0printf                                0x08005959   Thumb Code    24  printfa.o(i.__0printf)
    __1printf                                0x08005959   Thumb Code     0  printfa.o(i.__0printf)
    __2printf                                0x08005959   Thumb Code     0  printfa.o(i.__0printf)
    __c89printf                              0x08005959   Thumb Code     0  printfa.o(i.__0printf)
    printf                                   0x08005959   Thumb Code     0  printfa.o(i.__0printf)
    __0sprintf                               0x08005979   Thumb Code    36  printfa.o(i.__0sprintf)
    __1sprintf                               0x08005979   Thumb Code     0  printfa.o(i.__0sprintf)
    __2sprintf                               0x08005979   Thumb Code     0  printfa.o(i.__0sprintf)
    __c89sprintf                             0x08005979   Thumb Code     0  printfa.o(i.__0sprintf)
    sprintf                                  0x08005979   Thumb Code     0  printfa.o(i.__0sprintf)
    __ARM_clz                                0x080059a1   Thumb Code    46  depilogue.o(i.__ARM_clz)
    __ARM_common_switch8                     0x080059cf   Thumb Code    26  stm32l0xx_hal_uart.o(i.__ARM_common_switch8)
    __scatterload_copy                       0x080059e9   Thumb Code    14  handlers.o(i.__scatterload_copy)
    __scatterload_null                       0x080059f7   Thumb Code     2  handlers.o(i.__scatterload_null)
    __scatterload_zeroinit                   0x080059f9   Thumb Code    14  handlers.o(i.__scatterload_zeroinit)
    assert_failed                            0x080062bf   Thumb Code     2  main.o(i.assert_failed)
    delay_us                                 0x080062c1   Thumb Code    18  sensor.o(i.delay_us)
    fputc                                    0x080062d9   Thumb Code    18  uart_debug.o(i.fputc)
    gp2y_adc_measure                         0x080062f1   Thumb Code   100  sensor.o(i.gp2y_adc_measure)
    main                                     0x08006365   Thumb Code   318  main.o(i.main)
    mq135_adc_measure                        0x08006505   Thumb Code    56  sensor.o(i.mq135_adc_measure)
    rand1                                    0x08006545   Thumb Code    26  lora_services.o(i.rand1)
    randr                                    0x08006571   Thumb Code    22  lora_services.o(i.randr)
    AHBPrescTable                            0x08006586   Data          16  system_stm32l0xx.o(.constdata)
    PLLMulTable                              0x08006596   Data           9  system_stm32l0xx.o(.constdata)
    APBPrescTable                            0x0800659f   Data           8  system_stm32l0xx.o(.constdata)
    Region$$Table$$Base                      0x080065b8   Number         0  anon$$obj.o(Region$$Table)
    Region$$Table$$Limit                     0x080065d8   Number         0  anon$$obj.o(Region$$Table)
    R0                                       0x20000000   Data           4  main.o(.data)
    R2                                       0x20000004   Data           4  main.o(.data)
    gp2yValue                                0x20000008   Data           4  main.o(.data)
    mq135Value                               0x2000000c   Data           4  main.o(.data)
    ADC_GP2Y                                 0x20000010   Data           4  main.o(.data)
    ADC_MQ135                                0x20000014   Data           4  main.o(.data)
    volGP2Y                                  0x20000018   Data           4  main.o(.data)
    volMQ135                                 0x2000001c   Data           4  main.o(.data)
    RS                                       0x20000020   Data           4  main.o(.data)
    PPM_CO                                   0x20000024   Data           4  main.o(.data)
    uwTick                                   0x20000028   Data           4  stm32l0xx_hal.o(.data)
    SystemCoreClock                          0x2000002c   Data           4  system_stm32l0xx.o(.data)
    sx127x_cmd                               0x20000030   Data           4  sx127x_cfg.o(.data)
    sx127x_node                              0x20000034   Data          32  sx127x_cfg.o(.data)
    rnd_fchannel                             0x20000054   Data           1  lora_services.o(.data)
    state_init                               0x20000055   Data           1  lora_services.o(.data)
    lps                                      0x20000056   Data           1  lora_services.o(.data)
    cur_fcnt                                 0x20000058   Data           2  lora_services.o(.data)
    rnd_seed                                 0x2000005c   Data           4  lora_services.o(.data)
    f_channel                                0x20000064   Data          32  lora_services.o(.data)
    detector_board                           0x20000084   Data          72  lora_services.o(.data)
    tx_msg                                   0x200000cc   Data         520  loramac_node_cfg.o(.data)
    __stdout                                 0x200002d4   Data           4  stdout.o(.data)
    hlpuart1                                 0x200002d8   Data         128  usart.o(.bss)
    huart1                                   0x20000358   Data         128  usart.o(.bss)
    hrng                                     0x200003d8   Data          16  rng.o(.bss)
    hspi2                                    0x200003e8   Data          88  spi.o(.bss)
    htim6                                    0x20000440   Data          60  stm32l0xx_hal_timebase_tim.o(.bss)
    hrtc                                     0x2000047c   Data          36  rtc.o(.bss)
    pFlash                                   0x200004a0   Data          24  stm32l0xx_hal_flash.o(.bss)
    rx_buffer                                0x200004b8   Data          50  lora_services.o(.bss)
    tx_buffer                                0x200004ea   Data          50  lora_services.o(.bss)
    hadc                                     0x2000051c   Data          92  adc.o(.bss)
    htim7                                    0x20000578   Data          60  tim.o(.bss)
    __initial_sp                             0x200009b8   Data           0  startup_stm32l072xx.o(STACK)



==============================================================================

Memory Map of the image

  Image Entry point : 0x080000c1

  Load Region LR_IROM1 (Base: 0x08000000, Size: 0x000068b0, Max: 0x00020000, ABSOLUTE, COMPRESSED[0x00006634])

    Execution Region ER_IROM1 (Exec base: 0x08000000, Load base: 0x08000000, Size: 0x000065d8, Max: 0x00020000, ABSOLUTE)

    Exec Addr    Load Addr    Size         Type   Attr      Idx    E Section Name        Object

    0x08000000   0x08000000   0x000000c0   Data   RO            3    RESET               startup_stm32l072xx.o
    0x080000c0   0x080000c0   0x00000000   Code   RO         4777  * .ARM.Collect$$$$00000000  mc_p.l(entry.o)
    0x080000c0   0x080000c0   0x00000004   Code   RO         5078    .ARM.Collect$$$$00000001  mc_p.l(entry2.o)
    0x080000c4   0x080000c4   0x00000004   Code   RO         5081    .ARM.Collect$$$$00000004  mc_p.l(entry5.o)
    0x080000c8   0x080000c8   0x00000000   Code   RO         5083    .ARM.Collect$$$$00000008  mc_p.l(entry7b.o)
    0x080000c8   0x080000c8   0x00000000   Code   RO         5085    .ARM.Collect$$$$0000000A  mc_p.l(entry8b.o)
    0x080000c8   0x080000c8   0x00000008   Code   RO         5086    .ARM.Collect$$$$0000000B  mc_p.l(entry9a.o)
    0x080000d0   0x080000d0   0x00000000   Code   RO         5088    .ARM.Collect$$$$0000000D  mc_p.l(entry10a.o)
    0x080000d0   0x080000d0   0x00000000   Code   RO         5090    .ARM.Collect$$$$0000000F  mc_p.l(entry11a.o)
    0x080000d0   0x080000d0   0x00000004   Code   RO         5079    .ARM.Collect$$$$00002712  mc_p.l(entry2.o)
    0x080000d4   0x080000d4   0x0000001c   Code   RO            4    .text               startup_stm32l072xx.o
    0x080000f0   0x080000f0   0x0000002c   Code   RO         4780    .text               mc_p.l(uidiv.o)
    0x0800011c   0x0800011c   0x00000028   Code   RO         4782    .text               mc_p.l(idiv.o)
    0x08000144   0x08000144   0x00000060   Code   RO         4784    .text               mc_p.l(uldiv.o)
    0x080001a4   0x080001a4   0x00000024   Code   RO         4789    .text               mc_p.l(memcpya.o)
    0x080001c8   0x080001c8   0x00000024   Code   RO         4791    .text               mc_p.l(memseta.o)
    0x080001ec   0x080001ec   0x000000b2   Code   RO         5056    .text               mf_p.l(fadd.o)
    0x0800029e   0x0800029e   0x0000007a   Code   RO         5058    .text               mf_p.l(fmul.o)
    0x08000318   0x08000318   0x0000007c   Code   RO         5060    .text               mf_p.l(fdiv.o)
    0x08000394   0x08000394   0x00000018   Code   RO         5062    .text               mf_p.l(fscalb.o)
    0x080003ac   0x080003ac   0x00000164   Code   RO         5064    .text               mf_p.l(dadd.o)
    0x08000510   0x08000510   0x000000d0   Code   RO         5066    .text               mf_p.l(dmul.o)
    0x080005e0   0x080005e0   0x000000f0   Code   RO         5068    .text               mf_p.l(ddiv.o)
    0x080006d0   0x080006d0   0x00000016   Code   RO         5070    .text               mf_p.l(fflti.o)
    0x080006e6   0x080006e6   0x00000002   PAD
    0x080006e8   0x080006e8   0x0000003c   Code   RO         5072    .text               mf_p.l(dfixui.o)
    0x08000724   0x08000724   0x00000028   Code   RO         5074    .text               mf_p.l(f2d.o)
    0x0800074c   0x0800074c   0x00000038   Code   RO         5076    .text               mf_p.l(d2f.o)
    0x08000784   0x08000784   0x00000020   Code   RO         5093    .text               mc_p.l(llshl.o)
    0x080007a4   0x080007a4   0x00000022   Code   RO         5095    .text               mc_p.l(llushr.o)
    0x080007c6   0x080007c6   0x00000026   Code   RO         5097    .text               mc_p.l(llsshr.o)
    0x080007ec   0x080007ec   0x00000000   Code   RO         5099    .text               mc_p.l(iusefp.o)
    0x080007ec   0x080007ec   0x00000082   Code   RO         5100    .text               mf_p.l(fepilogue.o)
    0x0800086e   0x0800086e   0x000000be   Code   RO         5102    .text               mf_p.l(depilogue.o)
    0x0800092c   0x0800092c   0x00000040   Code   RO         5106    .text               mf_p.l(dfixul.o)
    0x0800096c   0x0800096c   0x00000028   Code   RO         5108    .text               mf_p.l(cdrcmple.o)
    0x08000994   0x08000994   0x00000024   Code   RO         5110    .text               mc_p.l(init.o)
    0x080009b8   0x080009b8   0x00000056   Code   RO         5120    .text               mc_p.l(__dczerorl2.o)
    0x08000a0e   0x08000a0e   0x00000002   PAD
    0x08000a10   0x08000a10   0x000000a4   Code   RO         4052    i.ADC_ConversionStop  stm32l0xx_hal_adc.o
    0x08000ab4   0x08000ab4   0x00000024   Code   RO         4056    i.ADC_DelayMicroSecond  stm32l0xx_hal_adc.o
    0x08000ad8   0x08000ad8   0x00000060   Code   RO         4057    i.ADC_Disable       stm32l0xx_hal_adc.o
    0x08000b38   0x08000b38   0x00000064   Code   RO         4058    i.ADC_Enable        stm32l0xx_hal_adc.o
    0x08000b9c   0x08000b9c   0x00000006   Code   RO         4267    i.App_Main          app.o
    0x08000ba2   0x08000ba2   0x00000002   PAD
    0x08000ba4   0x08000ba4   0x00000024   Code   RO         4528    i.DetectorBuff_Reset  lora_services.o
    0x08000bc8   0x08000bc8   0x0000000a   Code   RO          357    i.EXTI0_1_IRQHandler  stm32l0xx_it.o
    0x08000bd2   0x08000bd2   0x00000010   Code   RO          358    i.EXTI4_15_IRQHandler  stm32l0xx_it.o
    0x08000be2   0x08000be2   0x00000002   Code   RO           12    i.Error_Handler     main.o
    0x08000be4   0x08000be4   0x00000090   Code   RO         1916    i.FLASH_SetErrorCode  stm32l0xx_hal_flash.o
    0x08000c74   0x08000c74   0x00000070   Code   RO         1917    i.FLASH_WaitForLastOperation  stm32l0xx_hal_flash.o
    0x08000ce4   0x08000ce4   0x000001c8   Code   RO         4060    i.HAL_ADC_ConfigChannel  stm32l0xx_hal_adc.o
    0x08000eac   0x08000eac   0x0000005c   Code   RO         4067    i.HAL_ADC_GetValue  stm32l0xx_hal_adc.o
    0x08000f08   0x08000f08   0x000004a0   Code   RO         4069    i.HAL_ADC_Init      stm32l0xx_hal_adc.o
    0x080013a8   0x080013a8   0x0000006c   Code   RO         4672    i.HAL_ADC_MspInit   adc.o
    0x08001414   0x08001414   0x00000114   Code   RO         4073    i.HAL_ADC_PollForConversion  stm32l0xx_hal_adc.o
    0x08001528   0x08001528   0x000000b0   Code   RO         4075    i.HAL_ADC_Start     stm32l0xx_hal_adc.o
    0x080015d8   0x080015d8   0x00000090   Code   RO         4078    i.HAL_ADC_Stop      stm32l0xx_hal_adc.o
    0x08001668   0x08001668   0x0000004c   Code   RO         2211    i.HAL_DMA_Abort_IT  stm32l0xx_hal_dma.o
    0x080016b4   0x080016b4   0x0000001c   Code   RO          953    i.HAL_Delay         stm32l0xx_hal.o
    0x080016d0   0x080016d0   0x0000001c   Code   RO         1921    i.HAL_FLASH_Lock    stm32l0xx_hal_flash.o
    0x080016ec   0x080016ec   0x000000a4   Code   RO         1926    i.HAL_FLASH_Program  stm32l0xx_hal_flash.o
    0x08001790   0x08001790   0x0000005c   Code   RO         1928    i.HAL_FLASH_Unlock  stm32l0xx_hal_flash.o
    0x080017ec   0x080017ec   0x00000002   Code   RO         2148    i.HAL_GPIO_EXTI_Callback  stm32l0xx_hal_gpio.o
    0x080017ee   0x080017ee   0x00000002   PAD
    0x080017f0   0x080017f0   0x00000018   Code   RO         2149    i.HAL_GPIO_EXTI_IRQHandler  stm32l0xx_hal_gpio.o
    0x08001808   0x08001808   0x000002f0   Code   RO         2150    i.HAL_GPIO_Init     stm32l0xx_hal_gpio.o
    0x08001af8   0x08001af8   0x000000cc   Code   RO         2154    i.HAL_GPIO_WritePin  stm32l0xx_hal_gpio.o
    0x08001bc4   0x08001bc4   0x0000000c   Code   RO          957    i.HAL_GetTick       stm32l0xx_hal.o
    0x08001bd0   0x08001bd0   0x00000010   Code   RO          961    i.HAL_IncTick       stm32l0xx_hal.o
    0x08001be0   0x08001be0   0x00000028   Code   RO          962    i.HAL_Init          stm32l0xx_hal.o
    0x08001c08   0x08001c08   0x00000074   Code   RO          455    i.HAL_InitTick      stm32l0xx_hal_timebase_tim.o
    0x08001c7c   0x08001c7c   0x00000018   Code   RO          435    i.HAL_MspInit       stm32l0xx_hal_msp.o
    0x08001c94   0x08001c94   0x0000005c   Code   RO         2477    i.HAL_NVIC_EnableIRQ  stm32l0xx_hal_cortex.o
    0x08001cf0   0x08001cf0   0x00000058   Code   RO         2481    i.HAL_NVIC_SetPriority  stm32l0xx_hal_cortex.o
    0x08001d48   0x08001d48   0x0000006c   Code   RO         2306    i.HAL_PWR_DisableWakeUpPin  stm32l0xx_hal_pwr.o
    0x08001db4   0x08001db4   0x0000006c   Code   RO         2311    i.HAL_PWR_EnableWakeUpPin  stm32l0xx_hal_pwr.o
    0x08001e20   0x08001e20   0x00000020   Code   RO         2313    i.HAL_PWR_EnterSTANDBYMode  stm32l0xx_hal_pwr.o
    0x08001e40   0x08001e40   0x000002dc   Code   RO         1745    i.HAL_RCCEx_PeriphCLKConfig  stm32l0xx_hal_rcc_ex.o
    0x0800211c   0x0800211c   0x0000027c   Code   RO         1636    i.HAL_RCC_ClockConfig  stm32l0xx_hal_rcc.o
    0x08002398   0x08002398   0x00000098   Code   RO         1639    i.HAL_RCC_GetClockConfig  stm32l0xx_hal_rcc.o
    0x08002430   0x08002430   0x00000020   Code   RO         1642    i.HAL_RCC_GetPCLK1Freq  stm32l0xx_hal_rcc.o
    0x08002450   0x08002450   0x00000020   Code   RO         1643    i.HAL_RCC_GetPCLK2Freq  stm32l0xx_hal_rcc.o
    0x08002470   0x08002470   0x00000078   Code   RO         1644    i.HAL_RCC_GetSysClockFreq  stm32l0xx_hal_rcc.o
    0x080024e8   0x080024e8   0x000006fc   Code   RO         1647    i.HAL_RCC_OscConfig  stm32l0xx_hal_rcc.o
    0x08002be4   0x08002be4   0x00000002   Code   RO         2585    i.HAL_RNG_ErrorCallback  stm32l0xx_hal_rng.o
    0x08002be6   0x08002be6   0x00000066   Code   RO         2586    i.HAL_RNG_GenerateRandomNumber  stm32l0xx_hal_rng.o
    0x08002c4c   0x08002c4c   0x00000056   Code   RO         2592    i.HAL_RNG_IRQHandler  stm32l0xx_hal_rng.o
    0x08002ca2   0x08002ca2   0x00000002   PAD
    0x08002ca4   0x08002ca4   0x00000080   Code   RO         2593    i.HAL_RNG_Init      stm32l0xx_hal_rng.o
    0x08002d24   0x08002d24   0x00000038   Code   RO          282    i.HAL_RNG_MspInit   rng.o
    0x08002d5c   0x08002d5c   0x00000002   Code   RO         2597    i.HAL_RNG_ReadyDataCallback  stm32l0xx_hal_rng.o
    0x08002d5e   0x08002d5e   0x0000007a   Code   RO         3835    i.HAL_RTCEx_DeactivateWakeUpTimer  stm32l0xx_hal_rtc_ex.o
    0x08002dd8   0x08002dd8   0x0000016c   Code   RO         3855    i.HAL_RTCEx_SetWakeUpTimer_IT  stm32l0xx_hal_rtc_ex.o
    0x08002f44   0x08002f44   0x00000002   Code   RO         3861    i.HAL_RTCEx_WakeUpTimerEventCallback  stm32l0xx_hal_rtc_ex.o
    0x08002f46   0x08002f46   0x00000002   PAD
    0x08002f48   0x08002f48   0x00000038   Code   RO         3862    i.HAL_RTCEx_WakeUpTimerIRQHandler  stm32l0xx_hal_rtc_ex.o
    0x08002f80   0x08002f80   0x0000019c   Code   RO         3703    i.HAL_RTC_Init      stm32l0xx_hal_rtc.o
    0x0800311c   0x0800311c   0x00000030   Code   RO          491    i.HAL_RTC_MspInit   rtc.o
    0x0800314c   0x0800314c   0x00000034   Code   RO         3711    i.HAL_RTC_WaitForSynchro  stm32l0xx_hal_rtc.o
    0x08003180   0x08003180   0x000001c4   Code   RO         2693    i.HAL_SPI_Init      stm32l0xx_hal_spi.o
    0x08003344   0x08003344   0x0000005c   Code   RO          320    i.HAL_SPI_MspInit   spi.o
    0x080033a0   0x080033a0   0x00000264   Code   RO         2702    i.HAL_SPI_TransmitReceive  stm32l0xx_hal_spi.o
    0x08003604   0x08003604   0x00000100   Code   RO         3669    i.HAL_TIMEx_MasterConfigSynchronization  stm32l0xx_hal_tim_ex.o
    0x08003704   0x08003704   0x0000012c   Code   RO         3002    i.HAL_TIM_Base_Init  stm32l0xx_hal_tim.o
    0x08003830   0x08003830   0x0000001c   Code   RO         4742    i.HAL_TIM_Base_MspInit  tim.o
    0x0800384c   0x0800384c   0x000000a4   Code   RO         3005    i.HAL_TIM_Base_Start  stm32l0xx_hal_tim.o
    0x080038f0   0x080038f0   0x000000a4   Code   RO         3007    i.HAL_TIM_Base_Start_IT  stm32l0xx_hal_tim.o
    0x08003994   0x08003994   0x00000002   Code   RO         3031    i.HAL_TIM_IC_CaptureCallback  stm32l0xx_hal_tim.o
    0x08003996   0x08003996   0x00000126   Code   RO         3045    i.HAL_TIM_IRQHandler  stm32l0xx_hal_tim.o
    0x08003abc   0x08003abc   0x00000002   Code   RO         3048    i.HAL_TIM_OC_DelayElapsedCallback  stm32l0xx_hal_tim.o
    0x08003abe   0x08003abe   0x00000002   Code   RO         3075    i.HAL_TIM_PWM_PulseFinishedCallback  stm32l0xx_hal_tim.o
    0x08003ac0   0x08003ac0   0x00000014   Code   RO           13    i.HAL_TIM_PeriodElapsedCallback  main.o
    0x08003ad4   0x08003ad4   0x00000002   Code   RO         3088    i.HAL_TIM_TriggerCallback  stm32l0xx_hal_tim.o
    0x08003ad6   0x08003ad6   0x00000002   Code   RO          889    i.HAL_UARTEx_WakeupCallback  stm32l0xx_hal_uart_ex.o
    0x08003ad8   0x08003ad8   0x00000002   Code   RO          550    i.HAL_UART_ErrorCallback  stm32l0xx_hal_uart.o
    0x08003ada   0x08003ada   0x00000002   PAD
    0x08003adc   0x08003adc   0x0000013c   Code   RO          553    i.HAL_UART_IRQHandler  stm32l0xx_hal_uart.o
    0x08003c18   0x08003c18   0x00000104   Code   RO          554    i.HAL_UART_Init     stm32l0xx_hal_uart.o
    0x08003d1c   0x08003d1c   0x000000b0   Code   RO          238    i.HAL_UART_MspInit  usart.o
    0x08003dcc   0x08003dcc   0x000000c4   Code   RO          559    i.HAL_UART_Receive_IT  stm32l0xx_hal_uart.o
    0x08003e90   0x08003e90   0x00000048   Code   RO         4268    i.HAL_UART_RxCpltCallback  app.o
    0x08003ed8   0x08003ed8   0x000000ce   Code   RO          562    i.HAL_UART_Transmit  stm32l0xx_hal_uart.o
    0x08003fa6   0x08003fa6   0x00000002   Code   RO          565    i.HAL_UART_TxCpltCallback  stm32l0xx_hal_uart.o
    0x08003fa8   0x08003fa8   0x00000002   Code   RO          359    i.HardFault_Handler  stm32l0xx_it.o
    0x08003faa   0x08003faa   0x0000007c   Code   RO         4610    i.LoRaMac_ParserData  loramac_node.o
    0x08004026   0x08004026   0x00000074   Code   RO         4611    i.LoRaMac_SerializePacket  loramac_node.o
    0x0800409a   0x0800409a   0x00000002   PAD
    0x0800409c   0x0800409c   0x0000003c   Code   RO         4612    i.LoRaMac_SetUpACKMessage  loramac_node.o
    0x080040d8   0x080040d8   0x00000050   Code   RO         4613    i.LoRaMac_SetUpDataMessage  loramac_node.o
    0x08004128   0x08004128   0x0000000e   Code   RO         4529    i.LoRaNodeSV_SendData_Normal  lora_services.o
    0x08004136   0x08004136   0x00000002   PAD
    0x08004138   0x08004138   0x00000174   Code   RO         4530    i.LoRaSV_RxHandle   lora_services.o
    0x080042ac   0x080042ac   0x000003d4   Code   RO         4531    i.LoRa_MainProcess  lora_services.o
    0x08004680   0x08004680   0x00000074   Code   RO         4532    i.LoRa_Process      lora_services.o
    0x080046f4   0x080046f4   0x00000050   Code   RO         4673    i.MX_ADC_Init       adc.o
    0x08004744   0x08004744   0x0000018c   Code   RO          217    i.MX_GPIO_Init      gpio.o
    0x080048d0   0x080048d0   0x00000020   Code   RO          283    i.MX_RNG_Init       rng.o
    0x080048f0   0x080048f0   0x00000034   Code   RO          492    i.MX_RTC_Init       rtc.o
    0x08004924   0x08004924   0x00000040   Code   RO          321    i.MX_SPI2_Init      spi.o
    0x08004964   0x08004964   0x00000048   Code   RO         4743    i.MX_TIM7_Init      tim.o
    0x080049ac   0x080049ac   0x00000038   Code   RO          240    i.MX_USART1_UART_Init  usart.o
    0x080049e4   0x080049e4   0x00000002   Code   RO          360    i.NMI_Handler       stm32l0xx_it.o
    0x080049e6   0x080049e6   0x00000002   PAD
    0x080049e8   0x080049e8   0x00000044   Code   RO         2487    i.NVIC_SetPriority  stm32l0xx_hal_cortex.o
    0x08004a2c   0x08004a2c   0x00000002   Code   RO          361    i.PendSV_Handler    stm32l0xx_it.o
    0x08004a2e   0x08004a2e   0x00000002   PAD
    0x08004a30   0x08004a30   0x00000018   Code   RO          362    i.RNG_LPUART1_IRQHandler  stm32l0xx_it.o
    0x08004a48   0x08004a48   0x00000038   Code   RO         3714    i.RTC_EnterInitMode  stm32l0xx_hal_rtc.o
    0x08004a80   0x08004a80   0x00000010   Code   RO          363    i.RTC_IRQHandler    stm32l0xx_it.o
    0x08004a90   0x08004a90   0x00000042   Code   RO         2731    i.SPI_EndRxTxTransaction  stm32l0xx_hal_spi.o
    0x08004ad2   0x08004ad2   0x0000008c   Code   RO         2736    i.SPI_WaitFlagStateUntilTimeout  stm32l0xx_hal_spi.o
    0x08004b5e   0x08004b5e   0x00000002   Code   RO          364    i.SVC_Handler       stm32l0xx_it.o
    0x08004b60   0x08004b60   0x00000012   Code   RO         4351    i.Sx127x_ClearFlagsReg  sx127x.o
    0x08004b72   0x08004b72   0x00000056   Code   RO         4352    i.Sx127x_InitModule  sx127x.o
    0x08004bc8   0x08004bc8   0x0000004c   Code   RO         4353    i.Sx127x_Interface  sx127x.o
    0x08004c14   0x08004c14   0x00000024   Code   RO         4355    i.Sx127x_ReadReg    sx127x.o
    0x08004c38   0x08004c38   0x0000011a   Code   RO         4356    i.Sx127x_ReceiveData  sx127x.o
    0x08004d52   0x08004d52   0x00000026   Code   RO         4357    i.Sx127x_Reset      sx127x.o
    0x08004d78   0x08004d78   0x000000ee   Code   RO         4358    i.Sx127x_SendData   sx127x.o
    0x08004e66   0x08004e66   0x00000002   PAD
    0x08004e68   0x08004e68   0x0000005c   Code   RO         4359    i.Sx127x_SetFrequency  sx127x.o
    0x08004ec4   0x08004ec4   0x00000048   Code   RO         4360    i.Sx127x_SetLoRa    sx127x.o
    0x08004f0c   0x08004f0c   0x0000002c   Code   RO         4362    i.Sx127x_SetModeRx  sx127x.o
    0x08004f38   0x08004f38   0x00000022   Code   RO         4363    i.Sx127x_SetModeSleep  sx127x.o
    0x08004f5a   0x08004f5a   0x00000024   Code   RO         4364    i.Sx127x_SetModeStdby  sx127x.o
    0x08004f7e   0x08004f7e   0x0000002c   Code   RO         4365    i.Sx127x_SetModeTx  sx127x.o
    0x08004faa   0x08004faa   0x00000002   PAD
    0x08004fac   0x08004fac   0x00000048   Code   RO         4366    i.Sx127x_SetModemConfig  sx127x.o
    0x08004ff4   0x08004ff4   0x00000012   Code   RO         4367    i.Sx127x_SetNetworkId  sx127x.o
    0x08005006   0x08005006   0x00000032   Code   RO         4368    i.Sx127x_SetOpMode  sx127x.o
    0x08005038   0x08005038   0x00000024   Code   RO         4369    i.Sx127x_SetPreambleLength  sx127x.o
    0x0800505c   0x0800505c   0x0000006c   Code   RO         4370    i.Sx127x_SetTxPower  sx127x.o
    0x080050c8   0x080050c8   0x0000001e   Code   RO         4372    i.Sx127x_WriteReg   sx127x.o
    0x080050e6   0x080050e6   0x00000002   PAD
    0x080050e8   0x080050e8   0x00000088   Code   RO           14    i.SystemClock_Config  main.o
    0x08005170   0x08005170   0x00000054   Code   RO         4234    i.SystemInit        system_stm32l0xx.o
    0x080051c4   0x080051c4   0x00000010   Code   RO          365    i.TIM6_DAC_IRQHandler  stm32l0xx_it.o
    0x080051d4   0x080051d4   0x00000068   Code   RO         3090    i.TIM_Base_SetConfig  stm32l0xx_hal_tim.o
    0x0800523c   0x0800523c   0x000001fc   Code   RO          567    i.UART_AdvFeatureConfig  stm32l0xx_hal_uart.o
    0x08005438   0x08005438   0x00000060   Code   RO          568    i.UART_CheckIdleState  stm32l0xx_hal_uart.o
    0x08005498   0x08005498   0x00000014   Code   RO          569    i.UART_DMAAbortOnError  stm32l0xx_hal_uart.o
    0x080054ac   0x080054ac   0x00000020   Code   RO          579    i.UART_EndRxTransfer  stm32l0xx_hal_uart.o
    0x080054cc   0x080054cc   0x00000058   Code   RO          581    i.UART_RxISR_16BIT  stm32l0xx_hal_uart.o
    0x08005524   0x08005524   0x00000058   Code   RO          582    i.UART_RxISR_8BIT   stm32l0xx_hal_uart.o
    0x0800557c   0x0800557c   0x00000368   Code   RO          583    i.UART_SetConfig    stm32l0xx_hal_uart.o
    0x080058e4   0x080058e4   0x00000062   Code   RO          586    i.UART_WaitOnFlagUntilTimeout  stm32l0xx_hal_uart.o
    0x08005946   0x08005946   0x00000002   PAD
    0x08005948   0x08005948   0x00000010   Code   RO          366    i.USART1_IRQHandler  stm32l0xx_it.o
    0x08005958   0x08005958   0x00000020   Code   RO         5028    i.__0printf         mc_p.l(printfa.o)
    0x08005978   0x08005978   0x00000028   Code   RO         5030    i.__0sprintf        mc_p.l(printfa.o)
    0x080059a0   0x080059a0   0x0000002e   Code   RO         5104    i.__ARM_clz         mf_p.l(depilogue.o)
    0x080059ce   0x080059ce   0x0000001a   Code   RO          875    i.__ARM_common_switch8  stm32l0xx_hal_uart.o
    0x080059e8   0x080059e8   0x0000000e   Code   RO         5114    i.__scatterload_copy  mc_p.l(handlers.o)
    0x080059f6   0x080059f6   0x00000002   Code   RO         5115    i.__scatterload_null  mc_p.l(handlers.o)
    0x080059f8   0x080059f8   0x0000000e   Code   RO         5116    i.__scatterload_zeroinit  mc_p.l(handlers.o)
    0x08005a06   0x08005a06   0x00000002   PAD
    0x08005a08   0x08005a08   0x00000174   Code   RO         5035    i._fp_digits        mc_p.l(printfa.o)
    0x08005b7c   0x08005b7c   0x000006ec   Code   RO         5036    i._printf_core      mc_p.l(printfa.o)
    0x08006268   0x08006268   0x00000020   Code   RO         5037    i._printf_post_padding  mc_p.l(printfa.o)
    0x08006288   0x08006288   0x0000002c   Code   RO         5038    i._printf_pre_padding  mc_p.l(printfa.o)
    0x080062b4   0x080062b4   0x0000000a   Code   RO         5040    i._sputc            mc_p.l(printfa.o)
    0x080062be   0x080062be   0x00000002   Code   RO           15    i.assert_failed     main.o
    0x080062c0   0x080062c0   0x00000018   Code   RO         4709    i.delay_us          sensor.o
    0x080062d8   0x080062d8   0x00000018   Code   RO         4323    i.fputc             uart_debug.o
    0x080062f0   0x080062f0   0x00000074   Code   RO         4710    i.gp2y_adc_measure  sensor.o
    0x08006364   0x08006364   0x000001a0   Code   RO           16    i.main              main.o
    0x08006504   0x08006504   0x00000040   Code   RO         4711    i.mq135_adc_measure  sensor.o
    0x08006544   0x08006544   0x0000002c   Code   RO         4533    i.rand1             lora_services.o
    0x08006570   0x08006570   0x00000016   Code   RO         4534    i.randr             lora_services.o
    0x08006586   0x08006586   0x00000019   Data   RO         4235    .constdata          system_stm32l0xx.o
    0x0800659f   0x0800659f   0x00000008   Data   RO         4236    .constdata          system_stm32l0xx.o
    0x080065a7   0x080065a7   0x0000000f   Data   RO         4373    .constdata          sx127x.o
    0x080065b6   0x080065b6   0x00000002   PAD
    0x080065b8   0x080065b8   0x00000020   Data   RO         5112    Region$$Table       anon$$obj.o


    Execution Region RW_IRAM1 (Exec base: 0x20000000, Load base: 0x080065d8, Size: 0x000009b8, Max: 0x00005000, ABSOLUTE, COMPRESSED[0x0000005c])

    Exec Addr    Load Addr    Size         Type   Attr      Idx    E Section Name        Object

    0x20000000   COMPRESSED   0x00000028   Data   RW           17    .data               main.o
    0x20000028   COMPRESSED   0x00000004   Data   RW          972    .data               stm32l0xx_hal.o
    0x2000002c   COMPRESSED   0x00000004   Data   RW         4237    .data               system_stm32l0xx.o
    0x20000030   COMPRESSED   0x00000004   Data   RW         4507    .data               sx127x_cfg.o
    0x20000034   COMPRESSED   0x00000020   Data   RW         4508    .data               sx127x_cfg.o
    0x20000054   COMPRESSED   0x00000078   Data   RW         4537    .data               lora_services.o
    0x200000cc   COMPRESSED   0x00000208   Data   RW         4654    .data               loramac_node_cfg.o
    0x200002d4   COMPRESSED   0x00000004   Data   RW         5092    .data               mc_p.l(stdout.o)
    0x200002d8        -       0x00000100   Zero   RW          241    .bss                usart.o
    0x200003d8        -       0x00000010   Zero   RW          284    .bss                rng.o
    0x200003e8        -       0x00000058   Zero   RW          322    .bss                spi.o
    0x20000440        -       0x0000003c   Zero   RW          458    .bss                stm32l0xx_hal_timebase_tim.o
    0x2000047c        -       0x00000024   Zero   RW          493    .bss                rtc.o
    0x200004a0        -       0x00000018   Zero   RW         1929    .bss                stm32l0xx_hal_flash.o
    0x200004b8        -       0x00000064   Zero   RW         4536    .bss                lora_services.o
    0x2000051c        -       0x0000005c   Zero   RW         4674    .bss                adc.o
    0x20000578        -       0x0000003c   Zero   RW         4744    .bss                tim.o
    0x200005b4   COMPRESSED   0x00000004   PAD
    0x200005b8        -       0x00000400   Zero   RW            1    STACK               startup_stm32l072xx.o


==============================================================================

Image component sizes


      Code (inc. data)   RO Data    RW Data    ZI Data      Debug   Object Name

       188         20          0          0         92       1807   adc.o
        78          4          0          0          0       3983   app.o
       396         38          0          0          0       1099   gpio.o
      1584        630          0        120        100      11042   lora_services.o
       380         18          0          0          0       3684   loramac_node.o
         0          0          0        520          0        273   loramac_node_cfg.o
       576        106          0         40          0     436667   main.o
        88         18          0          0         16       1495   rng.o
       100         18          0          0         36       1475   rtc.o
       204         30          0          0          0       1970   sensor.o
       156         22          0          0         88       1613   spi.o
        28          8        192          0       1024        648   startup_stm32l072xx.o
        96         16          0          4          0       3232   stm32l0xx_hal.o
      2724        554          0          0          0       8537   stm32l0xx_hal_adc.o
       248        132          0          0          0      10020   stm32l0xx_hal_cortex.o
        76          0          0          0          0       1091   stm32l0xx_hal_dma.o
       540        116          0          0         24       5550   stm32l0xx_hal_flash.o
       982        212          0          0          0       3772   stm32l0xx_hal_gpio.o
        24          4          0          0          0        446   stm32l0xx_hal_msp.o
       248        132          0          0          0       1768   stm32l0xx_hal_pwr.o
      2760        304          0          0          0       6669   stm32l0xx_hal_rcc.o
       732         76          0          0          0       1628   stm32l0xx_hal_rcc_ex.o
       320         60          0          0          0       3747   stm32l0xx_hal_rng.o
       520         70          0          0          0       2924   stm32l0xx_hal_rtc.o
       544         84          0          0          0       4055   stm32l0xx_hal_rtc_ex.o
      1270        128          0          0          0       4957   stm32l0xx_hal_spi.o
      1034        250          0          0          0       6875   stm32l0xx_hal_tim.o
       256         82          0          0          0       1268   stm32l0xx_hal_tim_ex.o
       116         22          0          0         60       1027   stm32l0xx_hal_timebase_tim.o
      2810        320          0          0          0      12672   stm32l0xx_hal_uart.o
         2          0          0          0          0       1016   stm32l0xx_hal_uart_ex.o
       106         26          0          0          0       4544   stm32l0xx_it.o
      1410         18         15          0          0      15322   sx127x.o
         0          0          0         36          0        321   sx127x_cfg.o
        84         18         33          4          0       1259   system_stm32l0xx.o
       100         20          0          0         60       1598   tim.o
        24          6          0          0          0       1764   uart_debug.o
       232         24          0          0        256       1787   usart.o

    ----------------------------------------------------------------------
     21062       3586        274        724       1760     573605   Object Totals
         0          0         32          0          0          0   (incl. Generated)
        26          0          2          0          4          0   (incl. Padding)

    ----------------------------------------------------------------------

      Code (inc. data)   RO Data    RW Data    ZI Data      Debug   Library Member Name

        86          0          0          0          0          0   __dczerorl2.o
         0          0          0          0          0          0   entry.o
         0          0          0          0          0          0   entry10a.o
         0          0          0          0          0          0   entry11a.o
         8          4          0          0          0          0   entry2.o
         4          0          0          0          0          0   entry5.o
         0          0          0          0          0          0   entry7b.o
         0          0          0          0          0          0   entry8b.o
         8          4          0          0          0          0   entry9a.o
        30          0          0          0          0          0   handlers.o
        40          0          0          0          0         72   idiv.o
        36          8          0          0          0         68   init.o
         0          0          0          0          0          0   iusefp.o
        32          0          0          0          0         68   llshl.o
        38          0          0          0          0         68   llsshr.o
        34          0          0          0          0         68   llushr.o
        36          0          0          0          0         60   memcpya.o
        36          0          0          0          0        100   memseta.o
      2302        102          0          0          0        556   printfa.o
         0          0          0          4          0          0   stdout.o
        44          0          0          0          0         72   uidiv.o
        96          0          0          0          0         84   uldiv.o
        40          2          0          0          0         68   cdrcmple.o
        56          0          0          0          0         68   d2f.o
       356          4          0          0          0        140   dadd.o
       240          6          0          0          0         84   ddiv.o
       236          0          0          0          0        216   depilogue.o
        60         10          0          0          0         68   dfixui.o
        64         10          0          0          0         68   dfixul.o
       208          6          0          0          0         88   dmul.o
        40          0          0          0          0         60   f2d.o
       178          0          0          0          0        108   fadd.o
       124          0          0          0          0         72   fdiv.o
       130          0          0          0          0        144   fepilogue.o
        22          0          0          0          0         68   fflti.o
       122          0          0          0          0         72   fmul.o
        24          0          0          0          0         60   fscalb.o

    ----------------------------------------------------------------------
      4736        156          0          4          0       2600   Library Totals
         6          0          0          0          0          0   (incl. Padding)

    ----------------------------------------------------------------------

      Code (inc. data)   RO Data    RW Data    ZI Data      Debug   Library Name

      2830        118          0          4          0       1216   mc_p.l
      1900         38          0          0          0       1384   mf_p.l

    ----------------------------------------------------------------------
      4736        156          0          4          0       2600   Library Totals

    ----------------------------------------------------------------------

==============================================================================


      Code (inc. data)   RO Data    RW Data    ZI Data      Debug   

     25798       3742        274        728       1760     568765   Grand Totals
     25798       3742        274         92       1760     568765   ELF Image Totals (compressed)
     25798       3742        274         92          0          0   ROM Totals

==============================================================================

    Total RO  Size (Code + RO Data)                26072 (  25.46kB)
    Total RW  Size (RW Data + ZI Data)              2488 (   2.43kB)
    Total ROM Size (Code + RO Data + RW Data)      26164 (  25.55kB)

==============================================================================

